SCRAM_ARCH=slc7_amd64_gcc820;PKGTOOLS_TAG=V00-32-XX;CMSDIST_TAG=IB/CMSSW_11_1_X/master;RELEASE_BRANCH=master;RELEASE_QUEUE=CMSSW_11_1_X;BUILD_PATCH_RELEASE=1;ADDITIONAL_TESTS=HLT,baseline,static-checks,fwlite,valgrind,igprof-mp,igprof-pp,iwyu,lizard,flawfinder,check-headers,cfipython,gpu,python3,invalid-includes;PR_TESTS=1;PROD_ARCH=1;ENABLE_DEBUG=1;PRS_TEST_CLANG=1;DOCKER_IMG=cmssw/cc7:amd64;
SCRAM_ARCH=slc7_amd64_gcc820;PKGTOOLS_TAG=V00-32-XX;CMSDIST_TAG=IB/CMSSW_11_1_X/master;RELEASE_BRANCH=master;RELEASE_QUEUE=CMSSW_11_1_CLANG_X;DOCKER_IMG=cmssw/cc7:amd64;BUILD_HOUR=23;
SCRAM_ARCH=slc7_amd64_gcc820;PKGTOOLS_TAG=V00-32-XX;CMSDIST_TAG=IB/CMSSW_11_1_X/master;RELEASE_BRANCH=master;RELEASE_QUEUE=CMSSW_11_1_ASAN_X;BUILD_HOUR=23;BUILD_DAY=5;DOCKER_IMG=cmssw/cc7:amd64;
SCRAM_ARCH=slc7_amd64_gcc820;PKGTOOLS_TAG=V00-32-XX;CMSDIST_TAG=IB/CMSSW_11_1_X/master;RELEASE_BRANCH=master;RELEASE_QUEUE=CMSSW_11_1_UBSAN_X;BUILD_HOUR=23;BUILD_DAY=5;DOCKER_IMG=cmssw/cc7:amd64;
SCRAM_ARCH=slc7_amd64_gcc820;PKGTOOLS_TAG=V00-32-XX;CMSDIST_TAG=IB/CMSSW_11_1_X/master;RELEASE_BRANCH=master;RELEASE_QUEUE=CMSSW_11_1_TSAN_X;BUILD_HOUR=23;BUILD_DAY=5;DOCKER_IMG=cmssw/cc7:amd64;
SCRAM_ARCH=slc7_aarch64_gcc820;PKGTOOLS_TAG=V00-32-XX;CMSDIST_TAG=IB/CMSSW_11_1_X/master;RELEASE_BRANCH=master;RELEASE_QUEUE=CMSSW_11_1_X;DOCKER_IMG=cmssw/cc7:aarch64;
SCRAM_ARCH=slc7_ppc64le_gcc820;PKGTOOLS_TAG=V00-32-XX;CMSDIST_TAG=IB/CMSSW_11_1_X/master;RELEASE_BRANCH=master;RELEASE_QUEUE=CMSSW_11_1_X;BUILD_HOUR=23,00;IB_ONLY=1;DOCKER_IMG=cmssw/cc7:ppc64le;
SCRAM_ARCH=slc7_amd64_gcc820;PKGTOOLS_TAG=V00-32-XX;CMSDIST_TAG=IB/CMSSW_11_1_X/geant4;RELEASE_BRANCH=master;RELEASE_QUEUE=CMSSW_11_1_GEANT4_X;DOCKER_IMG=cmssw/cc7:amd64;BUILD_HOUR=23;BUILD_DAY=4;
SCRAM_ARCH=slc7_amd64_gcc820;PKGTOOLS_TAG=V00-32-XX;CMSDIST_TAG=IB/CMSSW_11_1_X/devel;RELEASE_BRANCH=CMSSW_11_1_DEVEL_X;RELEASE_QUEUE=CMSSW_11_1_DEVEL_X;DOCKER_IMG=cmssw/cc7:amd64;BUILD_HOUR=23;
SCRAM_ARCH=slc7_amd64_gcc820;PKGTOOLS_TAG=V00-32-XX;CMSDIST_TAG=IB/CMSSW_11_1_X/rootmaster;RELEASE_BRANCH=master;RELEASE_QUEUE=CMSSW_11_1_ROOT6_X;DOCKER_IMG=cmssw/cc7:amd64;BUILD_HOUR=23,00;
SCRAM_ARCH=slc7_amd64_gcc820;PKGTOOLS_TAG=V00-32-XX;CMSDIST_TAG=IB/CMSSW_11_1_X/rootnext;RELEASE_BRANCH=master;RELEASE_QUEUE=CMSSW_11_1_ROOT618_X;DOCKER_IMG=cmssw/cc7:amd64;BUILD_HOUR=23,00;
SCRAM_ARCH=slc7_amd64_gcc820;PKGTOOLS_TAG=V00-32-XX;CMSDIST_TAG=IB/CMSSW_11_1_X/rootmodule;RELEASE_BRANCH=master;RELEASE_QUEUE=CMSSW_11_1_CXXMODULE_X;DOCKER_IMG=cmssw/cc7:amd64;BUILD_HOUR=23;BUILD_DAY=2,4;
SCRAM_ARCH=slc7_amd64_gcc900;PKGTOOLS_TAG=V00-32-XX;CMSDIST_TAG=IB/CMSSW_11_1_X/gcc9;RELEASE_BRANCH=master;RELEASE_QUEUE=CMSSW_11_1_X;DOCKER_IMG=cmssw/cc7:amd64;BUILD_HOUR=23;
SCRAM_ARCH=cc8_amd64_gcc8;PKGTOOLS_TAG=V00-33-XX;CMSDIST_TAG=IB/CMSSW_11_1_X/cc8;RELEASE_BRANCH=master;RELEASE_QUEUE=CMSSW_11_1_X;DOCKER_IMG=cmssw/cc8:latest;BUILD_HOUR=23,00;IB_ONLY=1;
SCRAM_ARCH=slc7_amd64_gcc820;PKGTOOLS_TAG=V00-32-XX;CMSDIST_TAG=IB/CMSSW_11_1_X/py3;RELEASE_BRANCH=CMSSW_11_1_DEVEL_X;RELEASE_QUEUE=CMSSW_11_1_PY3_X;DOCKER_IMG=cmssw/cc7:amd64;BUILD_HOUR=23;
SCRAM_ARCH=slc7_amd64_gcc820;PKGTOOLS_TAG=V00-32-XX;CMSDIST_TAG=IB/CMSSW_11_0_X/master;RELEASE_BRANCH=CMSSW_11_0_X;RELEASE_QUEUE=CMSSW_11_0_X;BUILD_PATCH_RELEASE=1;ADDITIONAL_TESTS=HLT,baseline,static-checks,fwlite,valgrind,igprof-mp,igprof-pp,iwyu,lizard,flawfinder,check-headers,cfipython,gpu,python3,invalid-includes;PR_TESTS=1;PROD_ARCH=1;ENABLE_DEBUG=1;PRS_TEST_CLANG=1;DOCKER_IMG=cmssw/cc7:amd64;
SCRAM_ARCH=slc7_amd64_gcc820;PKGTOOLS_TAG=V00-32-XX;CMSDIST_TAG=IB/CMSSW_11_0_X/master;RELEASE_BRANCH=CMSSW_11_0_X;RELEASE_QUEUE=CMSSW_11_0_CLANG_X;DOCKER_IMG=cmssw/cc7:amd64;BUILD_HOUR=23;DISABLED=1;IB_WEB_PAGE=1;
SCRAM_ARCH=slc7_amd64_gcc820;PKGTOOLS_TAG=V00-32-XX;CMSDIST_TAG=IB/CMSSW_11_0_X/master;RELEASE_BRANCH=CMSSW_11_0_X;RELEASE_QUEUE=CMSSW_11_0_ASAN_X;BUILD_HOUR=23;BUILD_DAY=5;DOCKER_IMG=cmssw/cc7:amd64;DISABLED=1;IB_WEB_PAGE=1;
SCRAM_ARCH=slc7_amd64_gcc820;PKGTOOLS_TAG=V00-32-XX;CMSDIST_TAG=IB/CMSSW_11_0_X/master;RELEASE_BRANCH=CMSSW_11_0_X;RELEASE_QUEUE=CMSSW_11_0_UBSAN_X;BUILD_HOUR=23;BUILD_DAY=5;DOCKER_IMG=cmssw/cc7:amd64;DISABLED=1;IB_WEB_PAGE=1;
SCRAM_ARCH=slc7_amd64_gcc820;PKGTOOLS_TAG=V00-32-XX;CMSDIST_TAG=IB/CMSSW_11_0_X/master;RELEASE_BRANCH=CMSSW_11_0_X;RELEASE_QUEUE=CMSSW_11_0_TSAN_X;BUILD_HOUR=23;BUILD_DAY=5;DOCKER_IMG=cmssw/cc7:amd64;DISABLED=1;IB_WEB_PAGE=1;
SCRAM_ARCH=slc7_aarch64_gcc820;PKGTOOLS_TAG=V00-32-XX;CMSDIST_TAG=IB/CMSSW_11_0_X/master;RELEASE_BRANCH=CMSSW_11_0_X;RELEASE_QUEUE=CMSSW_11_0_X;DOCKER_IMG=cmssw/cc7:aarch64;
SCRAM_ARCH=slc7_ppc64le_gcc820;PKGTOOLS_TAG=V00-32-XX;CMSDIST_TAG=IB/CMSSW_11_0_X/master;RELEASE_BRANCH=CMSSW_11_0_X;RELEASE_QUEUE=CMSSW_11_0_X;BUILD_HOUR=23,00;IB_ONLY=1;DOCKER_IMG=cmssw/cc7:ppc64le;DISABLED=1;IB_WEB_PAGE=1;
SCRAM_ARCH=slc7_amd64_gcc820;PKGTOOLS_TAG=V00-32-XX;CMSDIST_TAG=IB/CMSSW_11_0_X/geant4;RELEASE_BRANCH=CMSSW_11_0_X;RELEASE_QUEUE=CMSSW_11_0_GEANT4_X;DOCKER_IMG=cmssw/cc7:amd64;BUILD_HOUR=23;BUILD_DAY=4;DISABLED=1;IB_WEB_PAGE=1;
SCRAM_ARCH=slc7_amd64_gcc820;PKGTOOLS_TAG=V00-32-XX;CMSDIST_TAG=IB/CMSSW_11_0_X/devel;RELEASE_BRANCH=CMSSW_11_0_DEVEL_X;RELEASE_QUEUE=CMSSW_11_0_DEVEL_X;DOCKER_IMG=cmssw/cc7:amd64;BUILD_HOUR=23;DISABLED=1;IB_WEB_PAGE=1;
SCRAM_ARCH=slc7_amd64_gcc820;PKGTOOLS_TAG=V00-32-XX;CMSDIST_TAG=IB/CMSSW_11_0_X/rootmaster;RELEASE_BRANCH=CMSSW_11_0_X;RELEASE_QUEUE=CMSSW_11_0_ROOT6_X;DOCKER_IMG=cmssw/cc7:amd64;BUILD_HOUR=23,00;DISABLED=1;IB_WEB_PAGE=1;
SCRAM_ARCH=slc7_amd64_gcc820;PKGTOOLS_TAG=V00-32-XX;CMSDIST_TAG=IB/CMSSW_11_0_X/rootnext;RELEASE_BRANCH=CMSSW_11_0_X;RELEASE_QUEUE=CMSSW_11_0_ROOT618_X;DOCKER_IMG=cmssw/cc7:amd64;BUILD_HOUR=23,00;DISABLED=1;IB_WEB_PAGE=1;
SCRAM_ARCH=slc7_amd64_gcc820;PKGTOOLS_TAG=V00-32-XX;CMSDIST_TAG=IB/CMSSW_11_0_X/rootmodule;RELEASE_BRANCH=CMSSW_11_0_X;RELEASE_QUEUE=CMSSW_11_0_CXXMODULE_X;DOCKER_IMG=cmssw/cc7:amd64;BUILD_HOUR=23;BUILD_DAY=2,4;DISABLED=1;IB_WEB_PAGE=1;
SCRAM_ARCH=slc7_amd64_gcc900;PKGTOOLS_TAG=V00-32-XX;CMSDIST_TAG=IB/CMSSW_11_0_X/gcc9;RELEASE_BRANCH=CMSSW_11_0_X;RELEASE_QUEUE=CMSSW_11_0_X;DOCKER_IMG=cmssw/cc7:amd64;BUILD_HOUR=23;
SCRAM_ARCH=cc8_amd64_gcc8;PKGTOOLS_TAG=V00-33-XX;CMSDIST_TAG=IB/CMSSW_11_0_X/cc8;RELEASE_BRANCH=CMSSW_11_0_X;RELEASE_QUEUE=CMSSW_11_0_X;DOCKER_IMG=cmssw/cc8:latest;BUILD_HOUR=23,00;IB_ONLY=1;
SCRAM_ARCH=slc7_amd64_gcc820;PKGTOOLS_TAG=V00-32-XX;CMSDIST_TAG=IB/CMSSW_11_0_X/py3;RELEASE_BRANCH=CMSSW_11_0_DEVEL_X;RELEASE_QUEUE=CMSSW_11_0_PY3_X;DOCKER_IMG=cmssw/cc7:amd64;BUILD_HOUR=23;DISABLED=1;IB_WEB_PAGE=1;
SCRAM_ARCH=slc7_amd64_gcc700;PKGTOOLS_TAG=V00-32-XX;CMSDIST_TAG=IB/CMSSW_10_6_X/gcc700;RELEASE_BRANCH=CMSSW_10_6_X;RELEASE_QUEUE=CMSSW_10_6_X;BUILD_PATCH_RELEASE=1;ADDITIONAL_TESTS=HLT,baseline,static-checks,fwlite,valgrind,igprof-mp,igprof-pp,iwyu,lizard,flawfinder,cfipython,gpu,python3;PR_TESTS=1;PROD_ARCH=1;ENABLE_DEBUG=1;PRS_TEST_CLANG=1;DOCKER_IMG=cmssw/cc7:amd64;
SCRAM_ARCH=slc7_amd64_gcc820;PKGTOOLS_TAG=V00-32-XX;CMSDIST_TAG=IB/CMSSW_10_6_X/gcc820;RELEASE_BRANCH=CMSSW_10_6_X;RELEASE_QUEUE=CMSSW_10_6_X;DOCKER_IMG=cmssw/cc7:amd64;BUILD_HOUR=23;
SCRAM_ARCH=slc6_amd64_gcc700;PKGTOOLS_TAG=V00-32-XX;CMSDIST_TAG=IB/CMSSW_10_3_X/gcc700;RELEASE_BRANCH=CMSSW_10_3_X;RELEASE_QUEUE=CMSSW_10_3_X;ADDITIONAL_TESTS=HLT,baseline,fwlite,cfipython,static-checks;PR_TESTS=1;PROD_ARCH=1;ENABLE_DEBUG=1;PRS_TEST_CLANG=1;DOCKER_IMG=cmssw/slc6:latest;
SCRAM_ARCH=slc7_amd64_gcc700;PKGTOOLS_TAG=V00-32-XX;CMSDIST_TAG=IB/CMSSW_10_3_X/gcc700;RELEASE_BRANCH=CMSSW_10_3_X;RELEASE_QUEUE=CMSSW_10_3_X;DOCKER_IMG=cmssw/cc7:amd64;
SCRAM_ARCH=slc6_amd64_gcc700;PKGTOOLS_TAG=V00-32-XX;CMSDIST_TAG=IB/CMSSW_10_2_X/gcc700;RELEASE_BRANCH=CMSSW_10_2_X;RELEASE_QUEUE=CMSSW_10_2_X;BUILD_PATCH_RELEASE=1;ADDITIONAL_TESTS=HLT,baseline,fwlite,cfipython,static-checks;PR_TESTS=1;PROD_ARCH=1;ENABLE_DEBUG=1;PRS_TEST_CLANG=1;DOCKER_IMG=cmssw/slc6:latest;
SCRAM_ARCH=slc7_amd64_gcc700;PKGTOOLS_TAG=V00-32-XX;CMSDIST_TAG=IB/CMSSW_10_2_X/gcc700;RELEASE_BRANCH=CMSSW_10_2_X;RELEASE_QUEUE=CMSSW_10_2_X;DOCKER_IMG=cmssw/cc7:amd64;
SCRAM_ARCH=slc6_amd64_gcc630;PKGTOOLS_TAG=V00-32-XX;CMSDIST_TAG=IB/CMSSW_9_4_X/gcc630;RELEASE_BRANCH=CMSSW_9_4_AN_X;RELEASE_QUEUE=CMSSW_9_4_AN_X;ADDITIONAL_TESTS=HLT,baseline;PR_TESTS=1;PROD_ARCH=1;ENABLE_DEBUG=1;PRS_TEST_CLANG=1;DOCKER_IMG=cmssw/slc6:latest;
SCRAM_ARCH=slc6_amd64_gcc630;PKGTOOLS_TAG=V00-32-XX;CMSDIST_TAG=IB/CMSSW_9_4_X/gcc630;RELEASE_BRANCH=CMSSW_9_4_MAOD_X;RELEASE_QUEUE=CMSSW_9_4_MAOD_X;ADDITIONAL_TESTS=HLT,baseline;PR_TESTS=1;PROD_ARCH=1;ENABLE_DEBUG=1;PRS_TEST_CLANG=1;DOCKER_IMG=cmssw/slc6:latest;
SCRAM_ARCH=slc7_amd64_gcc630;PKGTOOLS_TAG=V00-32-XX;CMSDIST_TAG=IB/CMSSW_9_4_X/gcc630;RELEASE_BRANCH=CMSSW_9_4_MAOD_X;RELEASE_QUEUE=CMSSW_9_4_MAOD_X;ADDITIONAL_TESTS=HLT,baseline;PR_TESTS=1;ENABLE_DEBUG=1;PRS_TEST_CLANG=1;BUILD_DAY=8;DOCKER_IMG=cmssw/cc7:amd64;
SCRAM_ARCH=slc6_amd64_gcc630;PKGTOOLS_TAG=V00-32-XX;CMSDIST_TAG=IB/CMSSW_9_4_X/gcc630;RELEASE_BRANCH=CMSSW_9_4_X;RELEASE_QUEUE=CMSSW_9_4_X;ADDITIONAL_TESTS=HLT,baseline,fwlite;PR_TESTS=1;PROD_ARCH=1;ENABLE_DEBUG=1;PRS_TEST_CLANG=1;DOCKER_IMG=cmssw/slc6:latest;
SCRAM_ARCH=slc7_amd64_gcc630;PKGTOOLS_TAG=V00-32-XX;CMSDIST_TAG=IB/CMSSW_9_4_X/gcc630;RELEASE_BRANCH=CMSSW_9_4_X;RELEASE_QUEUE=CMSSW_9_4_X;DOCKER_IMG=cmssw/cc7:amd64;
SCRAM_ARCH=slc6_amd64_gcc630;PKGTOOLS_TAG=V00-32-XX;CMSDIST_TAG=IB/CMSSW_9_3_X/gcc630;RELEASE_BRANCH=CMSSW_9_3_X;RELEASE_QUEUE=CMSSW_9_3_X;ADDITIONAL_TESTS=HLT,baseline,fwlite;PR_TESTS=1;PROD_ARCH=1;ENABLE_DEBUG=1;PRS_TEST_CLANG=1;DOCKER_IMG=cmssw/slc6:latest;
SCRAM_ARCH=slc7_amd64_gcc630;PKGTOOLS_TAG=V00-32-XX;CMSDIST_TAG=IB/CMSSW_9_3_X/gcc630;RELEASE_BRANCH=CMSSW_9_3_X;RELEASE_QUEUE=CMSSW_9_3_X;DOCKER_IMG=cmssw/cc7:amd64;
SCRAM_ARCH=slc6_amd64_gcc530;PKGTOOLS_TAG=V00-31-XX;CMSDIST_TAG=IB/CMSSW_8_0_X/gcc530;RELEASE_QUEUE=CMSSW_8_0_X;ADDITIONAL_TESTS=HLT,baseline,fwlite;PR_TESTS=1;PROD_ARCH=1;ENABLE_DEBUG=1;PRS_TEST_CLANG=1;DOCKER_IMG=cmssw/slc6:latest;
SCRAM_ARCH=slc7_amd64_gcc530;PKGTOOLS_TAG=V00-31-XX;CMSDIST_TAG=IB/CMSSW_8_0_X/gcc530;RELEASE_QUEUE=CMSSW_8_0_X;DOCKER_IMG=cmssw/cc7:amd64;
SCRAM_ARCH=slc6_amd64_gcc481;PKGTOOLS_TAG=V00-31-XX;CMSDIST_TAG=IB/CMSSW_7_1_X/stable;RELEASE_QUEUE=CMSSW_7_1_X;ADDITIONAL_TESTS=HLT,baseline;PR_TESTS=1;PROD_ARCH=1;DOCKER_IMG=cmssw/slc6:latest;
SCRAM_ARCH=slc6_amd64_gcc472;PKGTOOLS_TAG=V00-31-XX;CMSDIST_TAG=IB/CMSSW_5_3_X/slc6_amd64_gcc472;RELEASE_QUEUE=CMSSW_5_3_X;ADDITIONAL_TESTS=baseline,HLT;PR_TESTS=1;DO_STATIC_CHECKS=false;PROD_ARCH=1;DOCKER_IMG=cmssw/slc6:latest;
