SCRAM_ARCH=slc6_amd64_gcc630;PKGTOOLS_TAG=V00-31-XX;CMSDIST_TAG=IB/CMSSW_10_0_X/gcc630;RELEASE_BRANCH=master;RELEASE_QUEUE=CMSSW_10_0_X;BUILD_PATCH_RELEASE=1;ADDITIONAL_TESTS=HLT,baseline,static-checks,fwlite,valgrind,igprof,geometry,iwyu,lizard;PR_TESTS=1;PROD_ARCH=1;ENABLE_DEBUG=1;PRS_TEST_CLANG=1;
SCRAM_ARCH=slc7_amd64_gcc630;PKGTOOLS_TAG=V00-31-XX;CMSDIST_TAG=IB/CMSSW_10_0_X/gcc630;RELEASE_BRANCH=master;RELEASE_QUEUE=CMSSW_10_0_X;DOCKER_IMG=cmssw/slc7-builder:latest;
SCRAM_ARCH=slc6_amd64_gcc630;PKGTOOLS_TAG=V00-32-XX;CMSDIST_TAG=IB/CMSSW_10_0_X/gcc630next;RELEASE_BRANCH=CMSSW_10_0_DEVEL_X;RELEASE_QUEUE=CMSSW_10_0_DEVEL_X;PR_TESTS=1;BUILD_HOUR=23,00;DOCKER_IMG=cmssw/slc6-builder:latest;
SCRAM_ARCH=slc7_amd64_gcc630;PKGTOOLS_TAG=V00-32-XX;CMSDIST_TAG=IB/CMSSW_10_0_X/gcc630next;RELEASE_BRANCH=CMSSW_10_0_DEVEL_X;RELEASE_QUEUE=CMSSW_10_0_DEVEL_X;DOCKER_IMG=cmssw/slc7-builder:latest;BUILD_HOUR=23,00;
SCRAM_ARCH=slc6_amd64_gcc630;PKGTOOLS_TAG=V00-31-XX;CMSDIST_TAG=IB/CMSSW_10_0_X/rootgcc6;RELEASE_BRANCH=CMSSW_10_0_ROOT6_X;RELEASE_QUEUE=CMSSW_10_0_ROOT6_X;BUILD_HOUR=23,00;DOCKER_IMG=cmssw/slc6-builder:latest;
SCRAM_ARCH=slc6_amd64_gcc630;PKGTOOLS_TAG=V00-31-XX;CMSDIST_TAG=IB/CMSSW_10_0_X/gcc630;RELEASE_BRANCH=master;RELEASE_QUEUE=CMSSW_10_0_CLANG_X;DOCKER_IMG=cmssw/slc6-builder:latest;BUILD_HOUR=23,00;
SCRAM_ARCH=slc6_amd64_gcc700;PKGTOOLS_TAG=V00-31-XX;CMSDIST_TAG=IB/CMSSW_10_0_X/gcc700;RELEASE_BRANCH=master;RELEASE_QUEUE=CMSSW_10_0_X;PR_TESTS=1;
SCRAM_ARCH=slc6_amd64_gcc700;PKGTOOLS_TAG=V00-31-XX;CMSDIST_TAG=IB/CMSSW_10_0_X/gcc700;RELEASE_BRANCH=master;RELEASE_QUEUE=CMSSW_10_0_ASAN_X;BUILD_HOUR=24;
SCRAM_ARCH=slc7_ppc64le_gcc700;PKGTOOLS_TAG=V00-31-XX;CMSDIST_TAG=IB/CMSSW_10_0_X/gcc700;RELEASE_BRANCH=master;RELEASE_QUEUE=CMSSW_10_0_X;
SCRAM_ARCH=slc7_aarch64_gcc700;PKGTOOLS_TAG=V00-31-XX;CMSDIST_TAG=IB/CMSSW_10_0_X/gcc700;RELEASE_BRANCH=master;RELEASE_QUEUE=CMSSW_10_0_X;
SCRAM_ARCH=slc6_amd64_gcc630;PKGTOOLS_TAG=V00-31-XX;CMSDIST_TAG=IB/CMSSW_9_4_X/gcc630;RELEASE_BRANCH=CMSSW_9_4_X;RELEASE_QUEUE=CMSSW_9_4_X;BUILD_PATCH_RELEASE=1;ADDITIONAL_TESTS=HLT,baseline,static-checks,fwlite,valgrind,igprof,geometry,iwyu,lizard;PR_TESTS=1;PROD_ARCH=1;ENABLE_DEBUG=1;PRS_TEST_CLANG=1;
SCRAM_ARCH=slc7_amd64_gcc630;PKGTOOLS_TAG=V00-31-XX;CMSDIST_TAG=IB/CMSSW_9_4_X/gcc630;RELEASE_BRANCH=CMSSW_9_4_X;RELEASE_QUEUE=CMSSW_9_4_X;DOCKER_IMG=cmssw/slc7-builder:latest;
SCRAM_ARCH=slc6_amd64_gcc630;PKGTOOLS_TAG=V00-31-XX;CMSDIST_TAG=IB/CMSSW_9_4_X/gcc630next;RELEASE_BRANCH=CMSSW_9_4_DEVEL_X;RELEASE_QUEUE=CMSSW_9_4_DEVEL_X;PR_TESTS=1;BUILD_HOUR=23,00;DOCKER_IMG=cmssw/slc6-builder:latest;DISABLED=1;
SCRAM_ARCH=slc7_amd64_gcc630;PKGTOOLS_TAG=V00-31-XX;CMSDIST_TAG=IB/CMSSW_9_4_X/gcc630next;RELEASE_BRANCH=CMSSW_9_4_DEVEL_X;RELEASE_QUEUE=CMSSW_9_4_DEVEL_X;DOCKER_IMG=cmssw/slc7-builder:latest;BUILD_HOUR=23,00;DISABLED=1;
SCRAM_ARCH=slc6_amd64_gcc630;PKGTOOLS_TAG=V00-31-XX;CMSDIST_TAG=IB/CMSSW_9_4_X/rootgcc6;RELEASE_BRANCH=CMSSW_9_4_ROOT6_X;RELEASE_QUEUE=CMSSW_9_4_ROOT6_X;BUILD_HOUR=23,00;DOCKER_IMG=cmssw/slc6-builder:latest;DISABLED=1;
SCRAM_ARCH=slc6_amd64_gcc630;PKGTOOLS_TAG=V00-31-XX;CMSDIST_TAG=IB/CMSSW_9_4_X/gcc630;RELEASE_BRANCH=CMSSW_9_4_X;RELEASE_QUEUE=CMSSW_9_4_CLANG_X;DOCKER_IMG=cmssw/slc6-builder:latest;BUILD_HOUR=23,00;DISABLED=1;
SCRAM_ARCH=slc6_amd64_gcc700;PKGTOOLS_TAG=V00-31-XX;CMSDIST_TAG=IB/CMSSW_9_4_X/gcc700;RELEASE_BRANCH=CMSSW_9_4_X;RELEASE_QUEUE=CMSSW_9_4_X;PR_TESTS=1;DISABLED=1;
SCRAM_ARCH=slc7_ppc64le_gcc700;PKGTOOLS_TAG=V00-31-XX;CMSDIST_TAG=IB/CMSSW_9_4_X/gcc700;RELEASE_BRANCH=CMSSW_9_4_X;RELEASE_QUEUE=CMSSW_9_4_X;DISABLED=1;
SCRAM_ARCH=slc7_aarch64_gcc700;PKGTOOLS_TAG=V00-31-XX;CMSDIST_TAG=IB/CMSSW_9_4_X/gcc700;RELEASE_BRANCH=CMSSW_9_4_X;RELEASE_QUEUE=CMSSW_9_4_X;DISABLED=1;
SCRAM_ARCH=slc6_amd64_gcc630;PKGTOOLS_TAG=V00-31-XX;CMSDIST_TAG=IB/CMSSW_9_3_X/gcc630;RELEASE_BRANCH=CMSSW_9_3_X;RELEASE_QUEUE=CMSSW_9_3_X;ADDITIONAL_TESTS=HLT,baseline,static-checks,fwlite,valgrind,igprof,geometry,iwyu;PR_TESTS=1;PROD_ARCH=1;ENABLE_DEBUG=1;PRS_TEST_CLANG=1;
SCRAM_ARCH=slc7_amd64_gcc630;PKGTOOLS_TAG=V00-31-XX;CMSDIST_TAG=IB/CMSSW_9_3_X/gcc630;RELEASE_BRANCH=CMSSW_9_3_X;RELEASE_QUEUE=CMSSW_9_3_X;DOCKER_IMG=cmssw/slc7-builder:latest;
SCRAM_ARCH=slc6_amd64_gcc630;PKGTOOLS_TAG=V00-31-XX;CMSDIST_TAG=IB/CMSSW_9_3_X/gcc630next;RELEASE_BRANCH=CMSSW_9_3_DEVEL_X;RELEASE_QUEUE=CMSSW_9_3_DEVEL_X;PR_TESTS=1;BUILD_HOUR=23,00;DOCKER_IMG=cmssw/slc6-builder:latest;DISABLED=1;
SCRAM_ARCH=slc7_amd64_gcc630;PKGTOOLS_TAG=V00-31-XX;CMSDIST_TAG=IB/CMSSW_9_3_X/gcc630next;RELEASE_BRANCH=CMSSW_9_3_DEVEL_X;RELEASE_QUEUE=CMSSW_9_3_DEVEL_X;DOCKER_IMG=cmssw/slc7-builder:latest;BUILD_HOUR=23,00;DISABLED=1;
SCRAM_ARCH=slc6_amd64_gcc630;PKGTOOLS_TAG=V00-31-XX;CMSDIST_TAG=IB/CMSSW_9_3_X/rootgcc6;RELEASE_BRANCH=CMSSW_9_3_ROOT6_X;RELEASE_QUEUE=CMSSW_9_3_ROOT6_X;BUILD_HOUR=23,00;DOCKER_IMG=cmssw/slc6-builder:latest;DISABLED=1;
SCRAM_ARCH=slc6_amd64_gcc630;PKGTOOLS_TAG=V00-31-XX;CMSDIST_TAG=IB/CMSSW_9_3_X/gcc630;RELEASE_BRANCH=CMSSW_9_3_X;RELEASE_QUEUE=CMSSW_9_3_CLANG_X;DOCKER_IMG=cmssw/slc6-builder:latest;BUILD_HOUR=23,00;DISABLED=1;
SCRAM_ARCH=slc6_amd64_gcc700;PKGTOOLS_TAG=V00-31-XX;CMSDIST_TAG=IB/CMSSW_9_3_X/gcc700;RELEASE_BRANCH=CMSSW_9_3_X;RELEASE_QUEUE=CMSSW_9_3_X;DISABLED=1;
SCRAM_ARCH=slc7_ppc64le_gcc700;PKGTOOLS_TAG=V00-31-XX;CMSDIST_TAG=IB/CMSSW_9_3_X/gcc700;RELEASE_BRANCH=CMSSW_9_3_X;RELEASE_QUEUE=CMSSW_9_3_X;DISABLED=1;
SCRAM_ARCH=slc7_aarch64_gcc700;PKGTOOLS_TAG=V00-31-XX;CMSDIST_TAG=IB/CMSSW_9_3_X/gcc700;RELEASE_BRANCH=CMSSW_9_3_X;RELEASE_QUEUE=CMSSW_9_3_X;DISABLED=1;
SCRAM_ARCH=slc6_amd64_gcc530;PKGTOOLS_TAG=V00-31-XX;CMSDIST_TAG=IB/CMSSW_9_2_X/gcc530;RELEASE_BRANCH=CMSSW_9_2_X;RELEASE_QUEUE=CMSSW_9_2_X;ADDITIONAL_TESTS=HLT,baseline,static-checks,fwlite,valgrind,igprof,geometry;PR_TESTS=1;PROD_ARCH=1;ENABLE_DEBUG=1;PRS_TEST_CLANG=1;
SCRAM_ARCH=slc6_amd64_gcc630;PKGTOOLS_TAG=V00-30-XX;CMSDIST_TAG=IB/CMSSW_9_2_X/gcc630;RELEASE_BRANCH=CMSSW_9_2_X;RELEASE_QUEUE=CMSSW_9_2_X;PR_TESTS=1;
SCRAM_ARCH=slc7_amd64_gcc530;PKGTOOLS_TAG=V00-30-XX;CMSDIST_TAG=IB/CMSSW_9_2_X/gcc530;RELEASE_BRANCH=CMSSW_9_2_X;RELEASE_QUEUE=CMSSW_9_2_X;DOCKER_IMG=cmssw/slc7-builder:latest;
SCRAM_ARCH=slc7_amd64_gcc630;PKGTOOLS_TAG=V00-30-XX;CMSDIST_TAG=IB/CMSSW_9_2_X/gcc630;RELEASE_BRANCH=CMSSW_9_2_X;RELEASE_QUEUE=CMSSW_9_2_X;DOCKER_IMG=cmssw/slc7-builder:latest;
SCRAM_ARCH=slc6_amd64_gcc530;PKGTOOLS_TAG=V00-30-XX;CMSDIST_TAG=IB/CMSSW_9_1_X/gcc530;RELEASE_BRANCH=CMSSW_9_1_X;RELEASE_QUEUE=CMSSW_9_1_X;ADDITIONAL_TESTS=HLT,baseline,static-checks,fwlite,valgrind,igprof,geometry,material-budget;PR_TESTS=1;PROD_ARCH=1;ENABLE_DEBUG=1;PRS_TEST_CLANG=1;DISABLED=1;
SCRAM_ARCH=slc6_amd64_gcc630;PKGTOOLS_TAG=V00-30-XX;CMSDIST_TAG=IB/CMSSW_9_1_X/gcc630;RELEASE_BRANCH=CMSSW_9_1_X;RELEASE_QUEUE=CMSSW_9_1_X;PR_TESTS=1;DISABLED=1;
SCRAM_ARCH=slc7_amd64_gcc630;PKGTOOLS_TAG=V00-30-XX;CMSDIST_TAG=IB/CMSSW_9_1_X/gcc630;RELEASE_BRANCH=CMSSW_9_1_X;RELEASE_QUEUE=CMSSW_9_1_X;DOCKER_IMG=cmssw/slc7-builder:latest;DISABLED=1;
SCRAM_ARCH=slc7_amd64_gcc530;PKGTOOLS_TAG=V00-30-XX;CMSDIST_TAG=IB/CMSSW_9_1_X/gcc530;RELEASE_BRANCH=CMSSW_9_1_X;RELEASE_QUEUE=CMSSW_9_1_X;DOCKER_IMG=cmssw/slc7-builder:latest;DISABLED=1;
SCRAM_ARCH=slc6_amd64_gcc530;PKGTOOLS_TAG=V00-30-XX;CMSDIST_TAG=IB/CMSSW_9_0_X/gcc530;RELEASE_QUEUE=CMSSW_9_0_X;ADDITIONAL_TESTS=HLT,baseline,static-checks,fwlite,valgrind,igprof,geometry,material-budget;PR_TESTS=1;PROD_ARCH=1;ENABLE_DEBUG=1;PRS_TEST_CLANG=1;DISABLED=1;
SCRAM_ARCH=slc6_amd64_gcc630;PKGTOOLS_TAG=V00-30-XX;CMSDIST_TAG=IB/CMSSW_9_0_X/gcc630;RELEASE_QUEUE=CMSSW_9_0_X;DISABLED=1;
SCRAM_ARCH=slc7_amd64_gcc530;PKGTOOLS_TAG=V00-30-XX;CMSDIST_TAG=IB/CMSSW_9_0_X/gcc530;RELEASE_QUEUE=CMSSW_9_0_X;DOCKER_IMG=cmssw/slc7-builder:latest;DISABLED=1;
SCRAM_ARCH=slc7_amd64_gcc630;PKGTOOLS_TAG=V00-30-XX;CMSDIST_TAG=IB/CMSSW_9_0_X/gcc630;RELEASE_QUEUE=CMSSW_9_0_X;DOCKER_IMG=cmssw/slc7-builder:latest;DISABLED=1;
SCRAM_ARCH=slc6_amd64_gcc530;PKGTOOLS_TAG=V00-30-XX;CMSDIST_TAG=IB/CMSSW_8_1_X/gcc530;RELEASE_QUEUE=CMSSW_8_1_X;ADDITIONAL_TESTS=HLT,baseline,static-checks,fwlite,valgrind,igprof,geometry,material-budget;PR_TESTS=1;PROD_ARCH=1;ENABLE_DEBUG=1;PRS_TEST_CLANG=1;
SCRAM_ARCH=slc7_amd64_gcc530;PKGTOOLS_TAG=V00-30-XX;CMSDIST_TAG=IB/CMSSW_8_1_X/gcc530;RELEASE_QUEUE=CMSSW_8_1_X;DOCKER_IMG=cmssw/slc7-builder:latest;
SCRAM_ARCH=slc6_amd64_gcc530;PKGTOOLS_TAG=V00-30-XX;CMSDIST_TAG=IB/CMSSW_8_0_X/gcc530;RELEASE_QUEUE=CMSSW_8_0_X;ADDITIONAL_TESTS=HLT,baseline,static-checks,fwlite,valgrind;PR_TESTS=1;PROD_ARCH=1;ENABLE_DEBUG=1;PRS_TEST_CLANG=1;
SCRAM_ARCH=slc7_amd64_gcc530;PKGTOOLS_TAG=V00-30-XX;CMSDIST_TAG=IB/CMSSW_8_0_X/gcc530;RELEASE_QUEUE=CMSSW_8_0_X;DOCKER_IMG=cmssw/slc7-builder:latest;
SCRAM_ARCH=slc6_amd64_gcc530;PKGTOOLS_TAG=V00-30-XX;CMSDIST_TAG=IB/CMSSW_8_0_X/gcc530;RELEASE_QUEUE=CMSSW_8_0_THREADED_X;RELEASE_BRANCH=CMSSW_8_0_X;DISABLED=1;
SCRAM_ARCH=slc7_amd64_gcc493;PKGTOOLS_TAG=V00-30-XX;CMSDIST_TAG=IB/CMSSW_7_6_X/stable;RELEASE_QUEUE=CMSSW_7_6_X;DOCKER_IMG=cmssw/slc7-builder:latest;
SCRAM_ARCH=slc6_amd64_gcc493;PKGTOOLS_TAG=V00-30-XX;CMSDIST_TAG=IB/CMSSW_7_6_X/stable;RELEASE_QUEUE=CMSSW_7_6_X;ADDITIONAL_TESTS=HLT,baseline,static-checks,fwlite,valgrind;PR_TESTS=1;PROD_ARCH=1;ENABLE_DEBUG=1;PRS_TEST_CLANG=1;
SCRAM_ARCH=slc6_amd64_gcc491;PKGTOOLS_TAG=V00-30-XX;CMSDIST_TAG=IB/CMSSW_7_5_X/stable;RELEASE_QUEUE=CMSSW_7_5_X;ADDITIONAL_TESTS=HLT,baseline,static-checks,fwlite,valgrind;PR_TESTS=1;PROD_ARCH=1;ENABLE_DEBUG=1;PRS_TEST_CLANG=1;
SCRAM_ARCH=slc6_amd64_gcc481;PKGTOOLS_TAG=V00-30-XX;CMSDIST_TAG=IB/CMSSW_7_1_X/stable;RELEASE_QUEUE=CMSSW_7_1_X;ADDITIONAL_TESTS=HLT,baseline;PR_TESTS=1;PROD_ARCH=1;
SCRAM_ARCH=slc6_amd64_gcc472;PKGTOOLS_TAG=V00-30-XX;CMSDIST_TAG=IB/CMSSW_5_3_X/slc6_amd64_gcc472;RELEASE_QUEUE=CMSSW_5_3_X;ADDITIONAL_TESTS=baseline,HLT;PR_TESTS=1;DO_STATIC_CHECKS=false;PROD_ARCH=1;
SCRAM_ARCH=slc6_amd64_gcc530;PKGTOOLS_TAG=V00-30-XX;CMSDIST_TAG=IB/CMSSW_8_4_X/gcc530;RELEASE_QUEUE=CMSSW_8_4_X;PR_TESTS=1;PROD_ARCH=1;ENABLE_DEBUG=1;NO_IB=1;
SCRAM_ARCH=slc7_amd64_gcc530;PKGTOOLS_TAG=V00-30-XX;CMSDIST_TAG=IB/CMSSW_8_4_X/gcc530;RELEASE_QUEUE=CMSSW_8_4_X;DOCKER_IMG=cmssw/slc7-builder:latest;NO_IB=1;
SCRAM_ARCH=slc6_amd64_gcc530;PKGTOOLS_TAG=V00-30-XX;CMSDIST_TAG=IB/CMSSW_8_3_X/gcc530;RELEASE_QUEUE=CMSSW_8_3_X;PR_TESTS=1;PROD_ARCH=1;ENABLE_DEBUG=1;NO_IB=1;
SCRAM_ARCH=slc7_amd64_gcc530;PKGTOOLS_TAG=V00-30-XX;CMSDIST_TAG=IB/CMSSW_8_3_X/gcc530;RELEASE_QUEUE=CMSSW_8_3_X;DOCKER_IMG=cmssw/slc7-builder:latest;NO_IB=1;
SCRAM_ARCH=slc6_amd64_gcc530;PKGTOOLS_TAG=V00-30-XX;CMSDIST_TAG=IB/CMSSW_9_0_X/gcc530;RELEASE_QUEUE=CMSSW_8_2_X;PR_TESTS=1;PROD_ARCH=1;ENABLE_DEBUG=1;NO_IB=1;
