SCRAM_ARCH=el8_amd64_gcc13;PKGTOOLS_TAG=V00-34-XX;CMSDIST_TAG=IB/CMSSW_16_0_X/master;RELEASE_BRANCH=master;RELEASE_QUEUE=CMSSW_16_0_X;DOCKER_IMG=cmssw;BUILD_PATCH_RELEASE=1;ADDITIONAL_TESTS=HLT,clang-analyzer,static-checks,fwlite,iwyu,lizard,flawfinder,check-headers,cfipython,invalid-includes,profiling,crab,hlt-p2-timing,class-versions,gpu-relvals,gpu-qa;PR_TESTS=1;PROD_ARCH=1;PRS_TEST_CLANG=1;REQUIRED_TEST=true;MULTIARCH_OPTS=x86-64-v2;
SCRAM_ARCH=el8_amd64_gcc13;PKGTOOLS_TAG=V00-34-XX;CMSDIST_TAG=IB/CMSSW_16_0_X/master;RELEASE_BRANCH=CMSSW_16_0_FASTPU_X;RELEASE_QUEUE=CMSSW_16_0_FASTPU_X;DOCKER_IMG=cmssw;BUILD_HOUR=23;
SCRAM_ARCH=el8_amd64_gcc13;PKGTOOLS_TAG=V00-34-XX;CMSDIST_TAG=IB/CMSSW_16_0_X/master;RELEASE_BRANCH=master;RELEASE_QUEUE=CMSSW_16_0_DBG_X;DOCKER_IMG=cmssw;BUILD_HOUR=23;BUILD_DAY=1,3,5;
SCRAM_ARCH=el8_amd64_gcc13;PKGTOOLS_TAG=V00-34-XX;CMSDIST_TAG=IB/CMSSW_16_0_X/fp;RELEASE_BRANCH=master;RELEASE_QUEUE=CMSSW_16_0_FP_X;DOCKER_IMG=cmssw;BUILD_HOUR=23;BUILD_DAY=0,2,4;BUILD_OPTS=frame_pointer;
SCRAM_ARCH=el8_amd64_gcc13;PKGTOOLS_TAG=V00-34-XX;CMSDIST_TAG=IB/CMSSW_16_0_X/master;RELEASE_BRANCH=master;RELEASE_QUEUE=CMSSW_16_0_NONLTO_X;DOCKER_IMG=cmssw;PR_TESTS=1;BUILD_OPTS=no-lto,microarchs:x86-64-v2;
SCRAM_ARCH=el8_amd64_gcc13;PKGTOOLS_TAG=V00-34-XX;CMSDIST_TAG=IB/CMSSW_16_0_X/py312;RELEASE_BRANCH=master;RELEASE_QUEUE=CMSSW_16_0_PY312_X;DOCKER_IMG=cmssw;BUILD_HOUR=23;
SCRAM_ARCH=el8_amd64_gcc13;PKGTOOLS_TAG=V00-34-XX;CMSDIST_TAG=IB/CMSSW_16_0_X/tf;RELEASE_BRANCH=master;RELEASE_QUEUE=CMSSW_16_0_TF_X;DOCKER_IMG=cmssw;BUILD_DAY=2;BUILD_HOUR=11;
SCRAM_ARCH=el8_amd64_gcc13;PKGTOOLS_TAG=V00-34-XX;CMSDIST_TAG=IB/CMSSW_16_0_X/master;RELEASE_BRANCH=master;RELEASE_QUEUE=CMSSW_16_0_MKLDNN_X;DOCKER_IMG=cmssw;BUILD_DAY=1;BUILD_HOUR=23;BUILD_OPTS=tf_mkldnn;DISABLED=1;
SCRAM_ARCH=el8_amd64_gcc13;PKGTOOLS_TAG=V00-34-XX;CMSDIST_TAG=IB/CMSSW_16_0_X/cudart;RELEASE_BRANCH=master;RELEASE_QUEUE=CMSSW_16_0_CUDART_X;DOCKER_IMG=cmssw;BUILD_HOUR=0,23;BUILD_DAY=0,3;ADDITIONAL_TESTS=gpu-qa,gpu-relvals;
SCRAM_ARCH=el8_amd64_gcc13;PKGTOOLS_TAG=V00-34-XX;CMSDIST_TAG=IB/CMSSW_16_0_X/master;RELEASE_BRANCH=master;RELEASE_QUEUE=CMSSW_16_0_MULTIARCHS_X;DOCKER_IMG=cmssw;PR_TESTS=1;MULTIARCH_OPTS=x86-64-v2;
SCRAM_ARCH=el9_amd64_gcc13;PKGTOOLS_TAG=V00-34-XX;CMSDIST_TAG=IB/CMSSW_16_0_X/master;RELEASE_BRANCH=master;RELEASE_QUEUE=CMSSW_16_0_MULTIARCHSV4_X;DOCKER_IMG=cmssw;BUILD_HOUR=23;BUILD_DAY=1,4;MULTIARCH_OPTS=x86-64-v4;
SCRAM_ARCH=el8_amd64_gcc13;PKGTOOLS_TAG=V00-34-XX;CMSDIST_TAG=IB/CMSSW_16_0_X/clang;RELEASE_BRANCH=master;RELEASE_QUEUE=CMSSW_16_0_CLANG_X;DOCKER_IMG=cmssw;BUILD_HOUR=23;BUILD_OPTS=no-lto;
SCRAM_ARCH=el8_amd64_gcc13;PKGTOOLS_TAG=V00-34-XX;CMSDIST_TAG=IB/CMSSW_16_0_X/master;RELEASE_BRANCH=master;RELEASE_QUEUE=CMSSW_16_0_ASAN_X;BUILD_HOUR=0,23;DOCKER_IMG=cmssw;BUILD_DAY=1,3,5;PR_TESTS=1;BUILD_OPTS=no-lto;
SCRAM_ARCH=el8_amd64_gcc13;PKGTOOLS_TAG=V00-34-XX;CMSDIST_TAG=IB/CMSSW_16_0_X/master;RELEASE_BRANCH=master;RELEASE_QUEUE=CMSSW_16_0_UBSAN_X;BUILD_HOUR=0,23;DOCKER_IMG=cmssw;BUILD_DAY=1,3,5;BUILD_OPTS=no-lto;PR_TESTS=1;
SCRAM_ARCH=el8_amd64_gcc13;PKGTOOLS_TAG=V00-34-XX;CMSDIST_TAG=IB/CMSSW_16_0_X/g4;RELEASE_BRANCH=master;RELEASE_QUEUE=CMSSW_16_0_GEANT4_X;DOCKER_IMG=cmssw;BUILD_HOUR=23;BUILD_DAY=0,3;BUILD_OPTS=no-vecgeom;
SCRAM_ARCH=el8_amd64_gcc13;PKGTOOLS_TAG=V00-34-XX;CMSDIST_TAG=IB/CMSSW_16_0_X/g4;RELEASE_BRANCH=master;RELEASE_QUEUE=CMSSW_16_0_G4VECGEOM_X;DOCKER_IMG=cmssw;BUILD_HOUR=23;BUILD_DAY=0,3;
SCRAM_ARCH=el8_amd64_gcc13;PKGTOOLS_TAG=V00-34-XX;CMSDIST_TAG=IB/CMSSW_16_0_X/g4adept;RELEASE_BRANCH=master;RELEASE_QUEUE=CMSSW_16_0_G4ADEPT_X;DOCKER_IMG=cmssw;BUILD_HOUR=23;BUILD_DAY=0,3;BUILD_OPTS=no-biglib,no-lto;
SCRAM_ARCH=el9_amd64_gcc13;PKGTOOLS_TAG=V00-34-XX;CMSDIST_TAG=IB/CMSSW_16_0_X/master;RELEASE_BRANCH=master;RELEASE_QUEUE=CMSSW_16_0_X;DOCKER_IMG=cmssw;BUILD_HOUR=23,00;MULTIARCH_OPTS=x86-64-v2;ADDITIONAL_TESTS=gpu-qa,gpu-relvals;
SCRAM_ARCH=el8_aarch64_gcc13;PKGTOOLS_TAG=V00-34-XX;CMSDIST_TAG=IB/CMSSW_16_0_X/master;RELEASE_BRANCH=master;RELEASE_QUEUE=CMSSW_16_0_X;DOCKER_IMG=cmssw;BUILD_HOUR=23;
SCRAM_ARCH=el8_amd64_gcc13;PKGTOOLS_TAG=V00-34-XX;CMSDIST_TAG=IB/CMSSW_16_0_X/devel;RELEASE_BRANCH=master;RELEASE_QUEUE=CMSSW_16_0_DEVEL_X;DOCKER_IMG=cmssw;BUILD_HOUR=23;BUILD_OPTS=estats,warnings;MULTIARCH_OPTS=x86-64-v2;PR_TESTS=1;
SCRAM_ARCH=el8_amd64_gcc13;PKGTOOLS_TAG=V00-34-XX;CMSDIST_TAG=IB/CMSSW_16_0_X/rootmaster;RELEASE_BRANCH=master;RELEASE_QUEUE=CMSSW_16_0_ROOT6_X;DOCKER_IMG=cmssw;BUILD_HOUR=23;PR_TESTS=1;BUILD_OPTS=estats;
SCRAM_ARCH=el8_aarch64_gcc13;PKGTOOLS_TAG=V00-34-XX;CMSDIST_TAG=IB/CMSSW_16_0_X/rootmaster;RELEASE_BRANCH=master;RELEASE_QUEUE=CMSSW_16_0_ROOT6_X;DOCKER_IMG=cmssw;BUILD_HOUR=23;BUILD_OPTS=estats;
SCRAM_ARCH=el8_amd64_gcc13;PKGTOOLS_TAG=V00-34-XX;CMSDIST_TAG=IB/CMSSW_16_0_X/root636;RELEASE_BRANCH=master;RELEASE_QUEUE=CMSSW_16_0_ROOT636_X;DOCKER_IMG=cmssw;BUILD_HOUR=23;PR_TESTS=1;BUILD_DAY=1,3,5;DISABLED=1;IB_WEB_PAGE=1;
SCRAM_ARCH=el8_amd64_gcc13;PKGTOOLS_TAG=V00-34-XX;CMSDIST_TAG=IB/CMSSW_16_0_X/root638;RELEASE_BRANCH=master;RELEASE_QUEUE=CMSSW_16_0_ROOT638_X;DOCKER_IMG=cmssw;BUILD_HOUR=23;PR_TESTS=1;BUILD_DAY=1,3,5;
SCRAM_ARCH=el8_amd64_gcc13;PKGTOOLS_TAG=V00-34-XX;CMSDIST_TAG=IB/CMSSW_16_0_X/rntuple;RELEASE_BRANCH=CMSSW_16_0_RNTUPLE_X;RELEASE_QUEUE=CMSSW_16_0_RNTUPLE_X;DOCKER_IMG=cmssw;BUILD_HOUR=23;PR_TESTS=1;
SCRAM_ARCH=el8_amd64_gcc13;PKGTOOLS_TAG=V00-34-XX;CMSDIST_TAG=IB/CMSSW_16_0_X/rootmodule;RELEASE_BRANCH=master;RELEASE_QUEUE=CMSSW_16_0_CXXMODULE_X;DOCKER_IMG=cmssw;BUILD_DAY=1,5;BUILD_HOUR=23;DEBUG_EXTERNALS=root;
SCRAM_ARCH=el10_amd64_gcc14;PKGTOOLS_TAG=V00-34-XX;CMSDIST_TAG=IB/CMSSW_16_0_X/el10;RELEASE_BRANCH=master;RELEASE_QUEUE=CMSSW_16_0_X;DOCKER_IMG=cmssw;BUILD_HOUR=11;BUILD_DAY=2,4;IB_ONLY=1;BUILD_OPTS=microarchs:x86-64-v4;
SCRAM_ARCH=el8_amd64_gcc14;PKGTOOLS_TAG=V00-34-XX;CMSDIST_TAG=IB/CMSSW_16_0_X/g14;RELEASE_BRANCH=master;RELEASE_QUEUE=CMSSW_16_0_X;DOCKER_IMG=cmssw;BUILD_HOUR=11;BUILD_DAY=2,4;MULTIARCH_OPTS=x86-64-v2;IB_ONLY=1;
SCRAM_ARCH=el9_amd64_gcc14;PKGTOOLS_TAG=V00-34-XX;CMSDIST_TAG=IB/CMSSW_16_0_X/g14;RELEASE_BRANCH=master;RELEASE_QUEUE=CMSSW_16_0_X;DOCKER_IMG=cmssw;BUILD_HOUR=11;BUILD_DAY=2,4;MULTIARCH_OPTS=x86-64-v2;IB_ONLY=1;
SCRAM_ARCH=el8_aarch64_gcc14;PKGTOOLS_TAG=V00-34-XX;CMSDIST_TAG=IB/CMSSW_16_0_X/g14;RELEASE_BRANCH=master;RELEASE_QUEUE=CMSSW_16_0_X;DOCKER_IMG=cmssw;BUILD_HOUR=11;BUILD_DAY=2,4;IB_ONLY=1;
SCRAM_ARCH=el8_amd64_gcc12;PKGTOOLS_TAG=V00-34-XX;CMSDIST_TAG=IB/CMSSW_15_1_X/master;RELEASE_BRANCH=CMSSW_15_1_X;RELEASE_QUEUE=CMSSW_15_1_X;DOCKER_IMG=cmssw;BUILD_PATCH_RELEASE=1;ADDITIONAL_TESTS=HLT,clang-analyzer,static-checks,fwlite,iwyu,lizard,flawfinder,check-headers,cfipython,invalid-includes,profiling,crab,hlt-p2-timing,class-versions,gpu-relvals,gpu-qa;PR_TESTS=1;PROD_ARCH=1;PRS_TEST_CLANG=1;REQUIRED_TEST=true;MULTIARCH_OPTS=x86-64-v2;
SCRAM_ARCH=el9_amd64_gcc12;PKGTOOLS_TAG=V00-34-XX;CMSDIST_TAG=IB/CMSSW_15_1_X/cs9;RELEASE_BRANCH=CMSSW_15_1_X;RELEASE_QUEUE=CMSSW_15_1_X;DOCKER_IMG=cmssw;BUILD_HOUR=23,00;MULTIARCH_OPTS=x86-64-v2;
SCRAM_ARCH=el8_aarch64_gcc12;PKGTOOLS_TAG=V00-34-XX;CMSDIST_TAG=IB/CMSSW_15_1_X/master;RELEASE_BRANCH=CMSSW_15_1_X;RELEASE_QUEUE=CMSSW_15_1_X;DOCKER_IMG=cmssw;BUILD_HOUR=23;
SCRAM_ARCH=el8_amd64_gcc12;PKGTOOLS_TAG=V00-34-XX;CMSDIST_TAG=IB/CMSSW_15_0_X/master;RELEASE_BRANCH=CMSSW_15_0_X;RELEASE_QUEUE=CMSSW_15_0_X;DOCKER_IMG=cmssw;ADDITIONAL_TESTS=HLT,clang-analyzer,static-checks,fwlite,iwyu,lizard,flawfinder,check-headers,cfipython,invalid-includes,profiling,crab,hlt-p2-timing,class-versions;PR_TESTS=1;PROD_ARCH=1;PRS_TEST_CLANG=1;REQUIRED_TEST=true;MULTIARCH_OPTS=x86-64-v2;
SCRAM_ARCH=el9_amd64_gcc12;PKGTOOLS_TAG=V00-34-XX;CMSDIST_TAG=IB/CMSSW_15_0_X/cs9;RELEASE_BRANCH=CMSSW_15_0_X;RELEASE_QUEUE=CMSSW_15_0_X;DOCKER_IMG=cmssw;BUILD_HOUR=23,00;MULTIARCH_OPTS=x86-64-v2;
SCRAM_ARCH=el8_aarch64_gcc12;PKGTOOLS_TAG=V00-34-XX;CMSDIST_TAG=IB/CMSSW_15_0_X/master;RELEASE_BRANCH=CMSSW_15_0_X;RELEASE_QUEUE=CMSSW_15_0_X;DOCKER_IMG=cmssw;BUILD_HOUR=23;
SCRAM_ARCH=el8_amd64_gcc12;PKGTOOLS_TAG=V00-34-XX;CMSDIST_TAG=IB/CMSSW_14_2_X/master;RELEASE_BRANCH=CMSSW_14_2_X;RELEASE_QUEUE=CMSSW_14_2_X;DOCKER_IMG=cmssw;ADDITIONAL_TESTS=HLT,clang-analyzer,static-checks,fwlite,iwyu,lizard,flawfinder,check-headers,cfipython,invalid-includes,profiling,crab,hlt-p2-timing,class-versions;PR_TESTS=1;PROD_ARCH=1;PRS_TEST_CLANG=1;REQUIRED_TEST=true;MULTIARCH_OPTS=x86-64-v3;
SCRAM_ARCH=slc7_amd64_gcc12;PKGTOOLS_TAG=V00-34-XX;CMSDIST_TAG=IB/CMSSW_14_2_X/master;RELEASE_BRANCH=CMSSW_14_2_X;RELEASE_QUEUE=CMSSW_14_2_X;DOCKER_IMG=cmssw;MULTIARCH_OPTS=x86-64-v3;
SCRAM_ARCH=el9_amd64_gcc12;PKGTOOLS_TAG=V00-34-XX;CMSDIST_TAG=IB/CMSSW_14_2_X/cs9;RELEASE_BRANCH=CMSSW_14_2_X;RELEASE_QUEUE=CMSSW_14_2_X;DOCKER_IMG=cmssw;BUILD_HOUR=23,00;MULTIARCH_OPTS=x86-64-v3;
SCRAM_ARCH=el8_amd64_gcc12;PKGTOOLS_TAG=V00-34-XX;CMSDIST_TAG=IB/CMSSW_14_1_X/master;RELEASE_BRANCH=CMSSW_14_1_X;RELEASE_QUEUE=CMSSW_14_1_X;DOCKER_IMG=cmssw;ADDITIONAL_TESTS=HLT,static-checks,fwlite,iwyu,lizard,flawfinder,check-headers,cfipython,invalid-includes,profiling,crab,hlt-p2-timing,class-versions;PR_TESTS=1;PROD_ARCH=1;PRS_TEST_CLANG=1;REQUIRED_TEST=true;MULTIARCH_OPTS=x86-64-v3;
SCRAM_ARCH=slc7_amd64_gcc12;PKGTOOLS_TAG=V00-34-XX;CMSDIST_TAG=IB/CMSSW_14_1_X/master;RELEASE_BRANCH=CMSSW_14_1_X;RELEASE_QUEUE=CMSSW_14_1_X;DOCKER_IMG=cmssw;MULTIARCH_OPTS=x86-64-v3;
SCRAM_ARCH=el9_amd64_gcc12;PKGTOOLS_TAG=V00-34-XX;CMSDIST_TAG=IB/CMSSW_14_1_X/cs9;RELEASE_BRANCH=CMSSW_14_1_X;RELEASE_QUEUE=CMSSW_14_1_X;DOCKER_IMG=cmssw;BUILD_HOUR=23,00;MULTIARCH_OPTS=x86-64-v3;
SCRAM_ARCH=el8_amd64_gcc12;PKGTOOLS_TAG=V00-34-XX;CMSDIST_TAG=IB/CMSSW_14_1_X/master;RELEASE_BRANCH=CMSSW_14_1_O2OTest_X;RELEASE_QUEUE=CMSSW_14_1_O2OTest_X;DOCKER_IMG=cmssw;MULTIARCH_OPTS=x86-64-v3;
SCRAM_ARCH=el8_amd64_gcc12;PKGTOOLS_TAG=V00-34-XX;CMSDIST_TAG=IB/CMSSW_14_0_X/master;RELEASE_BRANCH=CMSSW_14_0_X;RELEASE_QUEUE=CMSSW_14_0_X;DOCKER_IMG=cmssw;ADDITIONAL_TESTS=HLT,fwlite,cfipython,profiling,crab;PR_TESTS=1;PROD_ARCH=1;PRS_TEST_CLANG=1;REQUIRED_TEST=true;MULTIARCH_OPTS=x86-64-v3;
SCRAM_ARCH=slc7_amd64_gcc12;PKGTOOLS_TAG=V00-34-XX;CMSDIST_TAG=IB/CMSSW_14_0_X/master;RELEASE_BRANCH=CMSSW_14_0_X;RELEASE_QUEUE=CMSSW_14_0_X;DOCKER_IMG=cmssw;MULTIARCH_OPTS=x86-64-v3;
SCRAM_ARCH=el9_amd64_gcc12;PKGTOOLS_TAG=V00-34-XX;CMSDIST_TAG=IB/CMSSW_14_0_X/cs9;RELEASE_BRANCH=CMSSW_14_0_X;RELEASE_QUEUE=CMSSW_14_0_X;DOCKER_IMG=cmssw;BUILD_HOUR=23;MULTIARCH_OPTS=x86-64-v3;
SCRAM_ARCH=el8_amd64_gcc12;PKGTOOLS_TAG=V00-34-XX;CMSDIST_TAG=IB/CMSSW_13_3_X/master;RELEASE_BRANCH=CMSSW_13_3_X;RELEASE_QUEUE=CMSSW_13_3_X;DOCKER_IMG=cmssw;ADDITIONAL_TESTS=HLT,fwlite,cfipython,crab;PR_TESTS=1;PROD_ARCH=1;PRS_TEST_CLANG=1;REQUIRED_TEST=true;
SCRAM_ARCH=slc7_amd64_gcc12;PKGTOOLS_TAG=V00-34-XX;CMSDIST_TAG=IB/CMSSW_13_3_X/master;RELEASE_BRANCH=CMSSW_13_3_X;RELEASE_QUEUE=CMSSW_13_3_X;DOCKER_IMG=cmssw;
SCRAM_ARCH=el9_amd64_gcc12;PKGTOOLS_TAG=V00-34-XX;CMSDIST_TAG=IB/CMSSW_13_3_X/cs9;RELEASE_BRANCH=CMSSW_13_3_X;RELEASE_QUEUE=CMSSW_13_3_X;DOCKER_IMG=cmssw;BUILD_HOUR=23;
SCRAM_ARCH=el8_amd64_gcc11;PKGTOOLS_TAG=V00-34-XX;CMSDIST_TAG=IB/CMSSW_13_2_X/master;RELEASE_BRANCH=CMSSW_13_2_X;RELEASE_QUEUE=CMSSW_13_2_X;DOCKER_IMG=cmssw;ADDITIONAL_TESTS=HLT,fwlite,cfipython,crab;PR_TESTS=1;PROD_ARCH=1;PRS_TEST_CLANG=1;REQUIRED_TEST=true;
SCRAM_ARCH=el8_amd64_gcc11;PKGTOOLS_TAG=V00-34-XX;CMSDIST_TAG=IB/CMSSW_13_2_X/master;RELEASE_BRANCH=CMSSW_13_2_HLT_X;RELEASE_QUEUE=CMSSW_13_2_HLT_X;DOCKER_IMG=cmssw;
SCRAM_ARCH=slc7_amd64_gcc11;PKGTOOLS_TAG=V00-34-XX;CMSDIST_TAG=IB/CMSSW_13_2_X/master;RELEASE_BRANCH=CMSSW_13_2_X;RELEASE_QUEUE=CMSSW_13_2_X;DOCKER_IMG=cmssw;
SCRAM_ARCH=el9_amd64_gcc11;PKGTOOLS_TAG=V00-34-XX;CMSDIST_TAG=IB/CMSSW_13_2_X/cs9;RELEASE_BRANCH=CMSSW_13_2_X;RELEASE_QUEUE=CMSSW_13_2_X;DOCKER_IMG=cmssw;BUILD_HOUR=23;BUILD_DAY=1,3,5;
SCRAM_ARCH=el8_amd64_gcc11;PKGTOOLS_TAG=V00-34-XX;CMSDIST_TAG=IB/CMSSW_13_1_X/master;RELEASE_BRANCH=CMSSW_13_1_X;RELEASE_QUEUE=CMSSW_13_1_X;DOCKER_IMG=cmssw;ADDITIONAL_TESTS=HLT,fwlite,cfipython,crab;PR_TESTS=1;PROD_ARCH=1;PRS_TEST_CLANG=1;REQUIRED_TEST=true;SPACK=1;
SCRAM_ARCH=slc7_amd64_gcc11;PKGTOOLS_TAG=V00-34-XX;CMSDIST_TAG=IB/CMSSW_13_1_X/master;RELEASE_BRANCH=CMSSW_13_1_X;RELEASE_QUEUE=CMSSW_13_1_X;DOCKER_IMG=cmssw;
SCRAM_ARCH=el9_amd64_gcc11;PKGTOOLS_TAG=V00-34-XX;CMSDIST_TAG=IB/CMSSW_13_1_X/cs9;RELEASE_BRANCH=CMSSW_13_1_X;RELEASE_QUEUE=CMSSW_13_1_X;DOCKER_IMG=cmssw;BUILD_HOUR=23;
SCRAM_ARCH=el8_amd64_gcc11;PKGTOOLS_TAG=V00-34-XX;CMSDIST_TAG=IB/CMSSW_13_0_X/master;RELEASE_BRANCH=CMSSW_13_0_X;RELEASE_QUEUE=CMSSW_13_0_X;DOCKER_IMG=cmssw;ADDITIONAL_TESTS=HLT,fwlite,cfipython,crab;PR_TESTS=1;PROD_ARCH=1;PRS_TEST_CLANG=1;REQUIRED_TEST=true;
SCRAM_ARCH=slc7_amd64_gcc11;PKGTOOLS_TAG=V00-34-XX;CMSDIST_TAG=IB/CMSSW_13_0_X/master;RELEASE_BRANCH=CMSSW_13_0_X;RELEASE_QUEUE=CMSSW_13_0_X;DOCKER_IMG=cmssw;
SCRAM_ARCH=el9_amd64_gcc11;PKGTOOLS_TAG=V00-34-XX;CMSDIST_TAG=IB/CMSSW_13_0_X/cs9;RELEASE_BRANCH=CMSSW_13_0_X;RELEASE_QUEUE=CMSSW_13_0_X;DOCKER_IMG=cmssw;BUILD_HOUR=23;
SCRAM_ARCH=el8_amd64_gcc11;PKGTOOLS_TAG=V00-34-XX;CMSDIST_TAG=IB/CMSSW_13_0_X/master;RELEASE_BRANCH=CMSSW_13_0_HeavyIon_X;RELEASE_QUEUE=CMSSW_13_0_HeavyIon_X;DOCKER_IMG=cmssw;
SCRAM_ARCH=el8_amd64_gcc11;PKGTOOLS_TAG=V00-34-XX;CMSDIST_TAG=IB/CMSSW_13_0_X/master;RELEASE_BRANCH=CMSSW_13_0_HLT_X;RELEASE_QUEUE=CMSSW_13_0_HLT_X;DOCKER_IMG=cmssw;
SCRAM_ARCH=el8_amd64_gcc10;PKGTOOLS_TAG=V00-34-XX;CMSDIST_TAG=IB/CMSSW_12_4_X/master;RELEASE_BRANCH=CMSSW_12_4_X;RELEASE_QUEUE=CMSSW_12_4_X;ADDITIONAL_TESTS=HLT,fwlite,cfipython,crab;PR_TESTS=1;PROD_ARCH=1;PRS_TEST_CLANG=1;DOCKER_IMG=cmssw;REQUIRED_TEST=true;
SCRAM_ARCH=slc7_amd64_gcc10;PKGTOOLS_TAG=V00-34-XX;CMSDIST_TAG=IB/CMSSW_12_4_X/master;RELEASE_BRANCH=CMSSW_12_4_X;RELEASE_QUEUE=CMSSW_12_4_X;DOCKER_IMG=cmssw;BUILD_HOUR=23;
SCRAM_ARCH=el8_amd64_gcc10;PKGTOOLS_TAG=V00-34-XX;CMSDIST_TAG=IB/CMSSW_12_4_X/master;RELEASE_BRANCH=CMSSW_12_4_HLT_X;RELEASE_QUEUE=CMSSW_12_4_HLT_X;DOCKER_IMG=cmssw;
SCRAM_ARCH=slc7_amd64_gcc700;PKGTOOLS_TAG=V00-33-XX;CMSDIST_TAG=IB/CMSSW_10_6_X/gcc700;RELEASE_BRANCH=CMSSW_10_6_X;RELEASE_QUEUE=CMSSW_10_6_X;ADDITIONAL_TESTS=HLT,fwlite,cfipython;PR_TESTS=1;PROD_ARCH=1;ENABLE_DEBUG=1;PRS_TEST_CLANG=1;DOCKER_IMG=cmssw;REQUIRED_TEST=true;
SCRAM_ARCH=slc6_amd64_gcc630;PKGTOOLS_TAG=V00-33-XX;CMSDIST_TAG=IB/CMSSW_9_4_X/gcc630;RELEASE_BRANCH=CMSSW_9_4_X;RELEASE_QUEUE=CMSSW_9_4_X;ADDITIONAL_TESTS=HLT;PR_TESTS=1;PROD_ARCH=1;ENABLE_DEBUG=1;PRS_TEST_CLANG=1;DOCKER_IMG=cmssw;REQUIRED_TEST=true;
SCRAM_ARCH=slc7_amd64_gcc630;PKGTOOLS_TAG=V00-33-XX;CMSDIST_TAG=IB/CMSSW_9_4_X/gcc630;RELEASE_BRANCH=CMSSW_9_4_X;RELEASE_QUEUE=CMSSW_9_4_X;DOCKER_IMG=cmssw;
SCRAM_ARCH=slc6_amd64_gcc530;PKGTOOLS_TAG=V00-31-XX;CMSDIST_TAG=IB/CMSSW_8_0_X/gcc530;RELEASE_QUEUE=CMSSW_8_0_X;ADDITIONAL_TESTS=HLT;PR_TESTS=1;PROD_ARCH=1;ENABLE_DEBUG=1;PRS_TEST_CLANG=1;DOCKER_IMG=cmssw;REQUIRED_TEST=true;
SCRAM_ARCH=slc7_amd64_gcc530;PKGTOOLS_TAG=V00-31-XX;CMSDIST_TAG=IB/CMSSW_8_0_X/gcc530;RELEASE_QUEUE=CMSSW_8_0_X;DOCKER_IMG=cmssw;
SCRAM_ARCH=slc6_amd64_gcc472;PKGTOOLS_TAG=V00-31-XX;CMSDIST_TAG=IB/CMSSW_5_3_X/slc6_amd64_gcc472;RELEASE_QUEUE=CMSSW_5_3_X;ADDITIONAL_TESTS=HLT;PR_TESTS=1;DO_STATIC_CHECKS=false;PROD_ARCH=1;DOCKER_IMG=cmssw;REQUIRED_TEST=true;
SCRAM_ARCH=slc6_amd64_gcc472;PKGTOOLS_TAG=V00-31-XX;CMSDIST_TAG=IB/CMSSW_5_3_X/hislc6;RELEASE_QUEUE=CMSSW_5_3_HI_X;PR_TESTS=1;DO_STATIC_CHECKS=false;DOCKER_IMG=cmssw;REQUIRED_TEST=true;
