SCRAM_ARCH=el8_amd64_gcc11;PKGTOOLS_TAG=V00-34-XX;CMSDIST_TAG=IB/CMSSW_13_1_X/master;RELEASE_BRANCH=CMSSW_13_1_X;RELEASE_QUEUE=CMSSW_13_1_DBG_X;DOCKER_IMG=cmssw/el8;BUILD_HOUR=23;BUILD_DAY=4;DISABLED=1;
SCRAM_ARCH=el8_amd64_gcc11;PKGTOOLS_TAG=V00-34-XX;CMSDIST_TAG=IB/CMSSW_13_1_X/nonlto;RELEASE_BRANCH=CMSSW_13_1_X;RELEASE_QUEUE=CMSSW_13_1_NONLTO_X;DOCKER_IMG=cmssw/el8;PR_TESTS=1;DISABLED=1;
SCRAM_ARCH=el8_amd64_gcc11;PKGTOOLS_TAG=V00-34-XX;CMSDIST_TAG=IB/CMSSW_13_1_X/master;RELEASE_BRANCH=CMSSW_13_1_X;RELEASE_QUEUE=CMSSW_13_1_SKYLAKEAVX512_X;DOCKER_IMG=cmssw/el8;BUILD_HOUR=23;BUILD_DAY=0,4;DISABLED=1;
SCRAM_ARCH=el8_amd64_gcc11;PKGTOOLS_TAG=V00-34-XX;CMSDIST_TAG=IB/CMSSW_13_1_X/clang;RELEASE_BRANCH=CMSSW_13_1_X;RELEASE_QUEUE=CMSSW_13_1_CLANG_X;DOCKER_IMG=cmssw/el8;BUILD_HOUR=23;DISABLED=1;
SCRAM_ARCH=el8_amd64_gcc11;PKGTOOLS_TAG=V00-34-XX;CMSDIST_TAG=IB/CMSSW_13_1_X/master;RELEASE_BRANCH=CMSSW_13_1_X;RELEASE_QUEUE=CMSSW_13_1_ASAN_X;BUILD_HOUR=0,23;DOCKER_IMG=cmssw/el8;BUILD_DAY=1,3,5;DISABLED=1;
SCRAM_ARCH=el8_amd64_gcc11;PKGTOOLS_TAG=V00-34-XX;CMSDIST_TAG=IB/CMSSW_13_1_X/nonlto;RELEASE_BRANCH=CMSSW_13_1_X;RELEASE_QUEUE=CMSSW_13_1_UBSAN_X;BUILD_HOUR=0,23;DOCKER_IMG=cmssw/el8;BUILD_DAY=1,3,5;DISABLED=1;
SCRAM_ARCH=el8_amd64_gcc11;PKGTOOLS_TAG=V00-34-XX;CMSDIST_TAG=IB/CMSSW_13_1_X/g4;RELEASE_BRANCH=CMSSW_13_1_X;RELEASE_QUEUE=CMSSW_13_1_GEANT4_X;DOCKER_IMG=cmssw/el8;BUILD_HOUR=23;BUILD_DAY=0,3;DISABLED=1;
SCRAM_ARCH=el8_amd64_gcc11;PKGTOOLS_TAG=V00-34-XX;CMSDIST_TAG=IB/CMSSW_13_1_X/g4_vecgeom;RELEASE_BRANCH=CMSSW_13_1_X;RELEASE_QUEUE=CMSSW_13_1_G4VECGEOM_X;DOCKER_IMG=cmssw/el8;BUILD_HOUR=23;BUILD_DAY=0,3;DISABLED=1;
SCRAM_ARCH=el8_amd64_gcc12;PKGTOOLS_TAG=V00-34-XX;CMSDIST_TAG=IB/CMSSW_13_1_X/g12;RELEASE_BRANCH=CMSSW_13_1_X;RELEASE_QUEUE=CMSSW_13_1_X;DOCKER_IMG=cmssw/el8;BUILD_HOUR=11;BUILD_DAY=3,6;IB_ONLY=1;DISABLED=1;
SCRAM_ARCH=el8_amd64_gcc11;PKGTOOLS_TAG=V00-34-XX;CMSDIST_TAG=IB/CMSSW_13_1_X/devel;RELEASE_BRANCH=CMSSW_13_1_DEVEL_X;RELEASE_QUEUE=CMSSW_13_1_DEVEL_X;DOCKER_IMG=cmssw/el8;BUILD_HOUR=23;DISABLED=1;IB_
SCRAM_ARCH=el8_amd64_gcc11;PKGTOOLS_TAG=V00-34-XX;CMSDIST_TAG=IB/CMSSW_13_1_X/rootmaster;RELEASE_BRANCH=CMSSW_13_1_ROOT6_X;RELEASE_QUEUE=CMSSW_13_1_ROOT6_X;DOCKER_IMG=cmssw/el8;BUILD_HOUR=23;DISABLED=1;
SCRAM_ARCH=el8_amd64_gcc11;PKGTOOLS_TAG=V00-34-XX;CMSDIST_TAG=IB/CMSSW_13_1_X/root628;RELEASE_BRANCH=CMSSW_13_1_X;RELEASE_QUEUE=CMSSW_13_1_ROOT628_X;DOCKER_IMG=cmssw/el8;BUILD_HOUR=23;DISABLED=1;
SCRAM_ARCH=el8_amd64_gcc11;PKGTOOLS_TAG=V00-34-XX;CMSDIST_TAG=IB/CMSSW_13_1_X/rootmodule;RELEASE_BRANCH=CMSSW_13_1_X;RELEASE_QUEUE=CMSSW_13_1_CXXMODULE_X;DOCKER_IMG=cmssw/el8;BUILD_DAY=1,5;BUILD_HOUR=23;DISABLED=1;
SCRAM_ARCH=el8_amd64_gcc11;PKGTOOLS_TAG=V00-34-XX;CMSDIST_TAG=IB/CMSSW_12_5_X/g11;RELEASE_BRANCH=CMSSW_12_5_X;RELEASE_QUEUE=CMSSW_12_5_X;DOCKER_IMG=cmssw/el8;BUILD_HOUR=11;DISABLED=1;
SCRAM_ARCH=el8_amd64_gcc10;PKGTOOLS_TAG=V00-34-XX;CMSDIST_TAG=IB/CMSSW_12_4_X/master;RELEASE_BRANCH=CMSSW_12_4_X;RELEASE_QUEUE=CMSSW_12_4_UBSAN_X;DOCKER_IMG=cmssw/el8;BUILD_HOUR=23;BUILD_DAY=5;DISABLED=1;
SCRAM_ARCH=el8_amd64_gcc10;PKGTOOLS_TAG=V00-34-XX;CMSDIST_TAG=IB/CMSSW_12_4_X/master;RELEASE_BRANCH=CMSSW_12_4_X;RELEASE_QUEUE=CMSSW_12_4_SKYLAKEAVX512_X;DOCKER_IMG=cmssw/el8;BUILD_HOUR=23;BUILD_DAY=5;DISABLED=1;
SCRAM_ARCH=slc7_amd64_gcc10;PKGTOOLS_TAG=V00-34-XX;CMSDIST_TAG=IB/CMSSW_12_3_X/master;RELEASE_BRANCH=CMSSW_12_3_X;RELEASE_QUEUE=CMSSW_12_3_X;BUILD_PATCH_RELEASE=1;ADDITIONAL_TESTS=HLT,fwlite,cfipython;PR_TESTS=1;PROD_ARCH=1;PRS_TEST_CLANG=1;DOCKER_IMG=cmssw/cc7;REQUIRED_TEST=true;DISABLED=1;
SCRAM_ARCH=el8_amd64_gcc10;PKGTOOLS_TAG=V00-34-XX;CMSDIST_TAG=IB/CMSSW_12_3_X/master;RELEASE_BRANCH=CMSSW_12_3_X;RELEASE_QUEUE=CMSSW_12_3_X;DOCKER_IMG=cmssw/el8;BUILD_HOUR=23;DISABLED=1;
SCRAM_ARCH=slc7_amd64_gcc900;PKGTOOLS_TAG=V00-33-XX;CMSDIST_TAG=IB/CMSSW_12_2_X/master;RELEASE_BRANCH=CMSSW_12_2_X;RELEASE_QUEUE=CMSSW_12_2_X;ADDITIONAL_TESTS=HLT,fwlite,cfipython;PR_TESTS=1;PROD_ARCH=1;ENABLE_DEBUG=1;PRS_TEST_CLANG=1;DOCKER_IMG=cmssw/cc7;REQUIRED_TEST=true;DISABLED=1;
SCRAM_ARCH=slc7_aarch64_gcc9;PKGTOOLS_TAG=V00-33-XX;CMSDIST_TAG=IB/CMSSW_12_2_X/master;RELEASE_BRANCH=CMSSW_12_2_X;RELEASE_QUEUE=CMSSW_12_2_X;DOCKER_IMG=cmssw/cc7;PR_TESTS=1;BUILD_HOUR=23;BUILD_DAY=1,5;DISABLED=1;
SCRAM_ARCH=slc7_ppc64le_gcc9;PKGTOOLS_TAG=V00-33-XX;CMSDIST_TAG=IB/CMSSW_12_2_X/master;RELEASE_BRANCH=CMSSW_12_2_X;RELEASE_QUEUE=CMSSW_12_2_X;DOCKER_IMG=cmssw/cc7;BUILD_HOUR=23;BUILD_DAY=1,5;DISABLED=1;
SCRAM_ARCH=cc8_amd64_gcc9;PKGTOOLS_TAG=V00-33-XX;CMSDIST_TAG=IB/CMSSW_12_2_X/cc8;RELEASE_BRANCH=CMSSW_12_2_X;RELEASE_QUEUE=CMSSW_12_2_X;DOCKER_IMG=cmssw/cc8;BUILD_HOUR=23,00;DISABLED=1;
SCRAM_ARCH=slc7_amd64_gcc700;PKGTOOLS_TAG=V00-32-XX;CMSDIST_TAG=IB/CMSSW_11_0_X/gcc700;RELEASE_BRANCH=master;RELEASE_QUEUE=CMSSW_11_0_X;DOCKER_IMG=cmssw/cc7:latest;ADDITIONAL_TESTS=baseline;DISABLED=1;IB_WEB_PAGE=1;
SCRAM_ARCH=slc7_amd64_gcc700;PKGTOOLS_TAG=V00-32-XX;CMSDIST_TAG=IB/CMSSW_11_0_X/rootmaster;RELEASE_BRANCH=master;RELEASE_QUEUE=CMSSW_11_0_ROOT6_X;DOCKER_IMG=cmssw/cc7:latest;BUILD_HOUR=23,00;DISABLED=1;
SCRAM_ARCH=slc7_amd64_gcc820;PKGTOOLS_TAG=V00-32-XX;CMSDIST_TAG=IB/CMSSW_11_0_X/gcc8;RELEASE_BRANCH=master;RELEASE_QUEUE=CMSSW_11_0_X;DOCKER_IMG=cmssw/cc7:latest;DISABLED=1;
SCRAM_ARCH=slc7_amd64_gcc700;PKGTOOLS_TAG=V00-32-XX;CMSDIST_TAG=IB/CMSSW_11_0_X/rootnext;RELEASE_BRANCH=master;RELEASE_QUEUE=CMSSW_11_0_ROOT618_X;DOCKER_IMG=cmssw/cc7:latest;BUILD_HOUR=23,00;DISABLED=1;
SCRAM_ARCH=slc7_amd64_gcc700;PKGTOOLS_TAG=V00-32-XX;CMSDIST_TAG=IB/CMSSW_11_0_X/gcc700;RELEASE_BRANCH=master;RELEASE_QUEUE=CMSSW_11_0_ASAN_X;BUILD_HOUR=23;BUILD_DAY=5;DOCKER_IMG=cmssw/cc7:latest;DISABLED=1;
SCRAM_ARCH=slc7_amd64_gcc700;PKGTOOLS_TAG=V00-32-XX;CMSDIST_TAG=IB/CMSSW_11_0_X/gcc700;RELEASE_BRANCH=master;RELEASE_QUEUE=CMSSW_11_0_UBSAN_X;BUILD_HOUR=23;BUILD_DAY=5;DOCKER_IMG=cmssw/cc7:latest;DISABLED=1;
SCRAM_ARCH=slc7_amd64_gcc700;PKGTOOLS_TAG=V00-32-XX;CMSDIST_TAG=IB/CMSSW_11_0_X/gcc700;RELEASE_BRANCH=master;RELEASE_QUEUE=CMSSW_11_0_TSAN_X;BUILD_HOUR=23;BUILD_DAY=5;DOCKER_IMG=cmssw/cc7:latest;DISABLED=1;
SCRAM_ARCH=slc7_amd64_gcc700;PKGTOOLS_TAG=V00-32-XX;CMSDIST_TAG=IB/CMSSW_11_0_X/gcc700next;RELEASE_BRANCH=CMSSW_11_0_DEVEL_X;RELEASE_QUEUE=CMSSW_11_0_DEVEL_X;DOCKER_IMG=cmssw/cc7:latest;BUILD_HOUR=23;DISABLED=1;
SCRAM_ARCH=slc7_amd64_gcc700;PKGTOOLS_TAG=V00-32-XX;CMSDIST_TAG=IB/CMSSW_11_0_X/cxxmodule;RELEASE_BRANCH=master;RELEASE_QUEUE=CMSSW_11_0_CXXMODULE_X;DOCKER_IMG=cmssw/cc7:latest;BUILD_HOUR=23;BUILD_DAY=2,4;DISABLED=1;
SCRAM_ARCH=slc7_amd64_gcc700;PKGTOOLS_TAG=V00-32-XX;CMSDIST_TAG=IB/CMSSW_11_0_X/geant4;RELEASE_BRANCH=master;RELEASE_QUEUE=CMSSW_11_0_GEANT4_X;DOCKER_IMG=cmssw/cc7:latest;BUILD_HOUR=23;BUILD_DAY=4;DISABLED=1;
SCRAM_ARCH=slc7_aarch64_gcc700;PKGTOOLS_TAG=V00-32-XX;CMSDIST_TAG=IB/CMSSW_11_0_X/gcc700;RELEASE_BRANCH=master;RELEASE_QUEUE=CMSSW_11_0_X;BUILD_HOUR=23;IB_ONLY=1;DOCKER_IMG=cmssw/cc7-ppc64le:latest;DISABLED=1;
SCRAM_ARCH=slc7_ppc64le_gcc700;PKGTOOLS_TAG=V00-32-XX;CMSDIST_TAG=IB/CMSSW_11_0_X/gcc700;RELEASE_BRANCH=master;RELEASE_QUEUE=CMSSW_11_0_X;BUILD_HOUR=23;IB_ONLY=1;DOCKER_IMG=cmssw/cc7-ppc64le:latest;DISABLED=1;
SCRAM_ARCH=slc7_amd64_gcc700;PKGTOOLS_TAG=V00-32-XX;CMSDIST_TAG=IB/CMSSW_10_6_X/geant104;RELEASE_BRANCH=CMSSW_10_6_X;RELEASE_QUEUE=CMSSW_10_6_GEANT104_X;DOCKER_IMG=cmssw/cc7:latest;BUILD_HOUR=24;DISABLED=1;
SCRAM_ARCH=slc7_amd64_gcc700;PKGTOOLS_TAG=V00-32-XX;CMSDIST_TAG=IB/CMSSW_10_6_X/gcc700next;RELEASE_BRANCH=CMSSW_10_6_DEVEL_X;RELEASE_QUEUE=CMSSW_10_6_DEVEL_X;PR_TESTS=1;DOCKER_IMG=cmssw/cc7:latest;BUILD_HOUR=23;DISABLED=1;
SCRAM_ARCH=slc7_amd64_gcc900;PKGTOOLS_TAG=V00-32-XX;CMSDIST_TAG=IB/CMSSW_10_6_X/gcc9;RELEASE_BRANCH=CMSSW_10_6_DEVEL_X;RELEASE_QUEUE=CMSSW_10_6_DEVEL_X;PR_TESTS=1;DOCKER_IMG=cmssw/cc7:latest;BUILD_HOUR=23;DISABLED=1;
SCRAM_ARCH=slc7_amd64_gcc700;PKGTOOLS_TAG=V00-32-XX;CMSDIST_TAG=IB/CMSSW_10_6_X/rootmaster;RELEASE_BRANCH=CMSSW_10_6_X;RELEASE_QUEUE=CMSSW_10_6_ROOT6_X;DOCKER_IMG=cmssw/cc7:latest;BUILD_HOUR=23,00;DISABLED=1;
SCRAM_ARCH=slc7_amd64_gcc700;PKGTOOLS_TAG=V00-32-XX;CMSDIST_TAG=IB/CMSSW_10_6_X/cxxmodule;RELEASE_BRANCH=CMSSW_10_6_CXXMODULE_X;RELEASE_QUEUE=CMSSW_10_6_CXXMODULE_X;DOCKER_IMG=cmssw/cc7:latest;BUILD_HOUR=23;BUILD_DAY=2,4;DISABLED=1;
SCRAM_ARCH=slc7_amd64_gcc700;PKGTOOLS_TAG=V00-32-XX;CMSDIST_TAG=IB/CMSSW_10_6_X/rootnext;RELEASE_BRANCH=CMSSW_10_6_ROOT614_X;RELEASE_QUEUE=CMSSW_10_6_ROOT614_X;DOCKER_IMG=cmssw/cc7:latest;BUILD_HOUR=23,00;PR_TESTS=1;DISABLED=1;
SCRAM_ARCH=slc7_amd64_gcc700;PKGTOOLS_TAG=V00-32-XX;CMSDIST_TAG=IB/CMSSW_10_6_X/gcc700;RELEASE_BRANCH=CMSSW_10_6_X;RELEASE_QUEUE=CMSSW_10_6_CLANG_X;DOCKER_IMG=cmssw/cc7:latest;BUILD_HOUR=23,00;DISABLED=1;
SCRAM_ARCH=slc7_amd64_gcc700;PKGTOOLS_TAG=V00-32-XX;CMSDIST_TAG=IB/CMSSW_10_6_X/geant4;RELEASE_BRANCH=CMSSW_10_6_X;RELEASE_QUEUE=CMSSW_10_6_GEANT4_X;DOCKER_IMG=cmssw/cc7:latest;BUILD_HOUR=23;BUILD_DAY=4;DISABLED=1;
SCRAM_ARCH=slc7_amd64_gcc700;PKGTOOLS_TAG=V00-32-XX;CMSDIST_TAG=IB/CMSSW_10_6_X/gcc700;RELEASE_BRANCH=CMSSW_10_6_X;RELEASE_QUEUE=CMSSW_10_6_ASAN_X;BUILD_HOUR=23;BUILD_DAY=5;DOCKER_IMG=cmssw/cc7:latest;DISABLED=1;
SCRAM_ARCH=slc7_amd64_gcc700;PKGTOOLS_TAG=V00-32-XX;CMSDIST_TAG=IB/CMSSW_10_6_X/gcc700;RELEASE_BRANCH=CMSSW_10_6_X;RELEASE_QUEUE=CMSSW_10_6_UBSAN_X;BUILD_HOUR=23;BUILD_DAY=5;DOCKER_IMG=cmssw/cc7:latest;DISABLED=1;
SCRAM_ARCH=slc7_amd64_gcc700;PKGTOOLS_TAG=V00-32-XX;CMSDIST_TAG=IB/CMSSW_10_6_X/gcc700;RELEASE_BRANCH=CMSSW_10_6_X;RELEASE_QUEUE=CMSSW_10_6_TSAN_X;BUILD_HOUR=23;BUILD_DAY=5;DOCKER_IMG=cmssw/cc7:latest;DISABLED=1;
SCRAM_ARCH=slc7_aarch64_gcc700;PKGTOOLS_TAG=V00-32-XX;CMSDIST_TAG=IB/CMSSW_10_6_X/gcc700;RELEASE_BRANCH=CMSSW_10_6_X;RELEASE_QUEUE=CMSSW_10_6_X;DOCKER_IMG=cmssw/cc7-aarch64:latest;DISABLED=1;
SCRAM_ARCH=slc7_ppc64le_gcc700;PKGTOOLS_TAG=V00-32-XX;CMSDIST_TAG=IB/CMSSW_10_6_X/gcc700;RELEASE_BRANCH=CMSSW_10_6_X;RELEASE_QUEUE=CMSSW_10_6_X;BUILD_HOUR=23;IB_ONLY=1;DOCKER_IMG=cmssw/cc7-ppc64le:latest;DISABLED=1;
SCRAM_ARCH=slc7_amd64_gcc700;PKGTOOLS_TAG=V00-32-XX;CMSDIST_TAG=IB/CMSSW_10_5_X/gcc700;RELEASE_BRANCH=CMSSW_10_5_X;RELEASE_QUEUE=CMSSW_10_5_X;ADDITIONAL_TESTS=HLT,baseline,static-checks,fwlite,valgrind,igprof-mp,igprof-pp,iwyu,lizard,flawfinder,cfipython,gpu,python3;PR_TESTS=1;PROD_ARCH=1;ENABLE_DEBUG=1;PRS_TEST_CLANG=1;DOCKER_IMG=cmssw/cc7:latest;DISABLED=1;
SCRAM_ARCH=slc6_amd64_gcc700;PKGTOOLS_TAG=V00-32-XX;CMSDIST_TAG=IB/CMSSW_10_5_X/gcc700;RELEASE_BRANCH=CMSSW_10_5_X;RELEASE_QUEUE=CMSSW_10_5_X;DOCKER_IMG=cmssw/slc6:latest;PR_TESTS=1;DISABLED=1;
SCRAM_ARCH=slc7_amd64_gcc820;PKGTOOLS_TAG=V00-32-XX;CMSDIST_TAG=IB/CMSSW_10_5_X/gcc820;RELEASE_BRANCH=CMSSW_10_5_X;RELEASE_QUEUE=CMSSW_10_5_X;DOCKER_IMG=cmssw/cc7:latest;BUILD_HOUR=23;IB_ONLY=1;DISABLED=1;
SCRAM_ARCH=slc6_amd64_gcc700;PKGTOOLS_TAG=V00-32-XX;CMSDIST_TAG=IB/CMSSW_10_4_X/gcc700;RELEASE_BRANCH=CMSSW_10_4_X;RELEASE_QUEUE=CMSSW_10_4_X;ADDITIONAL_TESTS=HLT,baseline,fwlite,cfipython,static-checks;PR_TESTS=1;PROD_ARCH=1;ENABLE_DEBUG=1;PRS_TEST_CLANG=1;DOCKER_IMG=cmssw/slc6:latest;DISABLED=1;
SCRAM_ARCH=slc7_amd64_gcc700;PKGTOOLS_TAG=V00-32-XX;CMSDIST_TAG=IB/CMSSW_10_4_X/gcc700;RELEASE_BRANCH=CMSSW_10_4_X;RELEASE_QUEUE=CMSSW_10_4_X;DOCKER_IMG=cmssw/cc7:latest;PR_TESTS=1;DISABLED=1;
SCRAM_ARCH=slc6_amd64_gcc630;PKGTOOLS_TAG=V00-32-XX;CMSDIST_TAG=IB/CMSSW_10_1_X/gcc630;RELEASE_BRANCH=CMSSW_10_1_X;RELEASE_QUEUE=CMSSW_10_1_X;ADDITIONAL_TESTS=HLT,baseline,fwlite,cfipython;PR_TESTS=1;PROD_ARCH=1;ENABLE_DEBUG=1;PRS_TEST_CLANG=1;DOCKER_IMG=cmssw/slc6:latest;DISABLED=1;
SCRAM_ARCH=slc7_amd64_gcc630;PKGTOOLS_TAG=V00-32-XX;CMSDIST_TAG=IB/CMSSW_10_1_X/gcc630;RELEASE_BRANCH=CMSSW_10_1_X;RELEASE_QUEUE=CMSSW_10_1_X;DOCKER_IMG=cmssw/cc7:latest;DISABLED=1;
SCRAM_ARCH=slc7_amd64_gcc700;PKGTOOLS_TAG=V00-32-XX;CMSDIST_TAG=IB/CMSSW_10_1_X/gcc700;RELEASE_BRANCH=CMSSW_10_1_X;RELEASE_QUEUE=CMSSW_10_1_X;DOCKER_IMG=cmssw/cc7:latest;DISABLED=1;
SCRAM_ARCH=slc6_amd64_gcc530;PKGTOOLS_TAG=V00-30-XX;CMSDIST_TAG=IB/CMSSW_9_3_X/gcc530;RELEASE_BRANCH=master;RELEASE_QUEUE=CMSSW_9_3_X;DISABLED=1;IB_WEB_PAGE=1;
SCRAM_ARCH=slc7_amd64_gcc530;PKGTOOLS_TAG=V00-30-XX;CMSDIST_TAG=IB/CMSSW_9_3_X/gcc530;RELEASE_BRANCH=master;RELEASE_QUEUE=CMSSW_9_3_X;DOCKER_IMG=cmssw/slc7-builder:latest;DISABLED=1;IB_WEB_PAGE=1;
SCRAM_ARCH=slc7_aarch64_gcc530;PKGTOOLS_TAG=V00-30-XX;CMSDIST_TAG=IB/CMSSW_9_3_X/gcc530;RELEASE_BRANCH=master;RELEASE_QUEUE=CMSSW_9_3_X;DISABLED=1;IB_WEB_PAGE=1;
SCRAM_ARCH=slc6_amd64_gcc530;PKGTOOLS_TAG=V00-30-XX;CMSDIST_TAG=IB/CMSSW_9_3_X/gcc530;RELEASE_BRANCH=master;RELEASE_QUEUE=CMSSW_9_3_CLANG_X;BUILD_HOUR=23,00;DISABLED=1;IB_WEB_PAGE=1;
SCRAM_ARCH=slc6_amd64_gcc530;PKGTOOLS_TAG=V00-30-XX;CMSDIST_TAG=IB/CMSSW_9_3_X/root6;RELEASE_BRANCH=CMSSW_9_3_ROOT6_X;RELEASE_QUEUE=CMSSW_9_3_ROOT6_X;BUILD_HOUR=23,00;DISABLED=1;IB_WEB_PAGE=1;
SCRAM_ARCH=slc6_amd64_gcc700;PKGTOOLS_TAG=V00-30-XX;CMSDIST_TAG=IB/CMSSW_9_2_X/gcc700;RELEASE_BRANCH=CMSSW_9_2_ROOT6_X;RELEASE_QUEUE=CMSSW_9_2_ROOT6_X;BUILD_HOUR=23,00;DISABLED=1;
SCRAM_ARCH=slc7_ppc64le_gcc700;PKGTOOLS_TAG=V00-30-XX;CMSDIST_TAG=IB/CMSSW_9_2_X/gcc700;RELEASE_BRANCH=CMSSW_9_2_ROOT6_X;RELEASE_QUEUE=CMSSW_9_2_ROOT6_X;BUILD_HOUR=23,00;DISABLED=1;
SCRAM_ARCH=slc6_amd64_gcc530;PKGTOOLS_TAG=V00-30-XX;CMSDIST_TAG=IB/CMSSW_9_2_X/gcc530;RELEASE_BRANCH=CMSSW_9_2_X;RELEASE_QUEUE=CMSSW_9_2_CLANG_X;BUILD_HOUR=23,00;DISABLED=1;
SCRAM_ARCH=slc7_aarch64_gcc530;PKGTOOLS_TAG=V00-30-XX;CMSDIST_TAG=IB/CMSSW_9_2_X/gcc530;RELEASE_BRANCH=CMSSW_9_2_X;RELEASE_QUEUE=CMSSW_9_2_X;DISABLED=1;
SCRAM_ARCH=slc7_aarch64_gcc700;PKGTOOLS_TAG=V00-30-XX;CMSDIST_TAG=IB/CMSSW_9_2_X/gcc700;RELEASE_BRANCH=CMSSW_9_2_ROOT6_X;RELEASE_QUEUE=CMSSW_9_2_ROOT6_X;DISABLED=1;
SCRAM_ARCH=slc6_amd64_gcc530;PKGTOOLS_TAG=V00-30-XX;CMSDIST_TAG=IB/CMSSW_9_2_X/root6;RELEASE_BRANCH=CMSSW_9_2_ROOT6_X;RELEASE_QUEUE=CMSSW_9_2_ROOT6_X;BUILD_HOUR=23,00;DISABLED=1;
SCRAM_ARCH=slc6_amd64_gcc630;PKGTOOLS_TAG=V00-30-XX;CMSDIST_TAG=IB/CMSSW_9_2_X/gcc630next;RELEASE_BRANCH=CMSSW_9_2_DEVEL_X;RELEASE_QUEUE=CMSSW_9_2_DEVEL_X;PR_TESTS=1;BUILD_HOUR=23,00;DISABLED=1;
SCRAM_ARCH=slc7_amd64_gcc630;PKGTOOLS_TAG=V00-30-XX;CMSDIST_TAG=IB/CMSSW_9_2_X/gcc630next;RELEASE_BRANCH=CMSSW_9_2_DEVEL_X;RELEASE_QUEUE=CMSSW_9_2_DEVEL_X;DOCKER_IMG=cmssw/slc7-builder:latest;BUILD_HOUR=23,00;DISABLED=1;
SCRAM_ARCH=slc6_amd64_gcc700;PKGTOOLS_TAG=V00-30-XX;CMSDIST_TAG=IB/CMSSW_9_1_X/gcc700;RELEASE_BRANCH=CMSSW_9_1_X;RELEASE_QUEUE=CMSSW_9_1_X;BUILD_HOUR=23,00;DISABLED=1;IB_WEB_PAGE=1;
SCRAM_ARCH=slc7_ppc64le_gcc700;PKGTOOLS_TAG=V00-30-XX;CMSDIST_TAG=IB/CMSSW_9_1_X/gcc700;RELEASE_BRANCH=CMSSW_9_1_X;RELEASE_QUEUE=CMSSW_9_1_X;BUILD_HOUR=23,00;DISABLED=1;IB_WEB_PAGE=1;
SCRAM_ARCH=slc6_amd64_gcc530;PKGTOOLS_TAG=V00-30-XX;CMSDIST_TAG=IB/CMSSW_9_1_X/gcc530;RELEASE_BRANCH=CMSSW_9_1_X;RELEASE_QUEUE=CMSSW_9_1_CLANG_X;BUILD_HOUR=23,00;DISABLED=1;
SCRAM_ARCH=slc7_aarch64_gcc530;PKGTOOLS_TAG=V00-30-XX;CMSDIST_TAG=IB/CMSSW_9_1_X/gcc530;RELEASE_BRANCH=CMSSW_9_1_X;RELEASE_QUEUE=CMSSW_9_1_X;DISABLED=1;
SCRAM_ARCH=slc7_aarch64_gcc700;PKGTOOLS_TAG=V00-30-XX;CMSDIST_TAG=IB/CMSSW_9_1_X/gcc700;RELEASE_BRANCH=CMSSW_9_1_X;RELEASE_QUEUE=CMSSW_9_1_X;DISABLED=1;
SCRAM_ARCH=slc6_amd64_gcc530;PKGTOOLS_TAG=V00-30-XX;CMSDIST_TAG=IB/CMSSW_9_1_X/root6;RELEASE_BRANCH=CMSSW_9_1_ROOT6_X;RELEASE_QUEUE=CMSSW_9_1_ROOT6_X;DISABLED=1;
SCRAM_ARCH=slc6_amd64_gcc630;PKGTOOLS_TAG=V00-30-XX;CMSDIST_TAG=IB/CMSSW_9_1_X/gcc630next;RELEASE_BRANCH=CMSSW_9_1_DEVEL_X;RELEASE_QUEUE=CMSSW_9_1_DEVEL_X;PR_TESTS=1;DISABLED=1;
SCRAM_ARCH=slc7_amd64_gcc630;PKGTOOLS_TAG=V00-30-XX;CMSDIST_TAG=IB/CMSSW_9_1_X/gcc630next;RELEASE_BRANCH=CMSSW_9_1_DEVEL_X;RELEASE_QUEUE=CMSSW_9_1_DEVEL_X;DOCKER_IMG=cmssw/slc7-builder:latest;DISABLED=1;
SCRAM_ARCH=slc7_aarch64_gcc630;PKGTOOLS_TAG=V00-30-XX;CMSDIST_TAG=IB/CMSSW_9_1_X/gcc630;RELEASE_BRANCH=CMSSW_9_1_X;RELEASE_QUEUE=CMSSW_9_1_X;DISABLED=1;
SCRAM_ARCH=slc7_amd64_gcc620;PKGTOOLS_TAG=V00-30-XX;CMSDIST_TAG=IB/CMSSW_9_0_X/gcc620;RELEASE_QUEUE=CMSSW_9_0_X;DOCKER_IMG=cmssw/slc7-builder:latest;DISABLED=1;
SCRAM_ARCH=slc6_amd64_gcc600;PKGTOOLS_TAG=V00-30-XX;CMSDIST_TAG=IB/CMSSW_8_1_X/gcc600;RELEASE_QUEUE=CMSSW_8_1_X;DISABLED=1;
SCRAM_ARCH=slc7_aarch64_gcc530;PKGTOOLS_TAG=V00-30-XX;CMSDIST_TAG=IB/CMSSW_8_1_X/gcc530;RELEASE_QUEUE=CMSSW_8_1_X;DISABLED=1;
SCRAM_ARCH=slc7_aarch64_gcc530;PKGTOOLS_TAG=V00-30-XX;CMSDIST_TAG=IB/CMSSW_9_0_X/gcc530;RELEASE_QUEUE=CMSSW_9_0_X;DISABLED=1;
SCRAM_ARCH=slc7_aarch64_gcc700;PKGTOOLS_TAG=V00-30-XX;CMSDIST_TAG=IB/CMSSW_9_0_X/gcc700;RELEASE_QUEUE=CMSSW_9_0_X;DISABLED=1;
SCRAM_ARCH=slc6_amd64_gcc530;PKGTOOLS_TAG=V00-30-XX;CMSDIST_TAG=IB/CMSSW_9_0_X/gcc530;RELEASE_QUEUE=CMSSW_9_0_CLANG_X;RELEASE_BRANCH=CMSSW_9_0_X;DISABLED=1;
SCRAM_ARCH=slc6_amd64_gcc620;PKGTOOLS_TAG=V00-30-XX;CMSDIST_TAG=IB/CMSSW_9_0_X/gcc620;RELEASE_QUEUE=CMSSW_9_0_X;DISABLED=1;
SCRAM_ARCH=slc6_amd64_gcc700;PKGTOOLS_TAG=V00-30-XX;CMSDIST_TAG=IB/CMSSW_9_0_X/gcc700;RELEASE_QUEUE=CMSSW_9_0_X;DISABLED=1;
SCRAM_ARCH=slc6_amd64_gcc620;PKGTOOLS_TAG=V00-30-XX;CMSDIST_TAG=IB/CMSSW_9_0_X/gcc620next;RELEASE_QUEUE=CMSSW_9_0_DEVEL_X;RELEASE_BRANCH=CMSSW_9_0_DEVEL_X;DISABLED=1;
SCRAM_ARCH=slc6_amd64_gcc530;PKGTOOLS_TAG=V00-30-XX;CMSDIST_TAG=IB/CMSSW_9_0_X/root6;RELEASE_QUEUE=CMSSW_9_0_ROOT6_X;RELEASE_BRANCH=CMSSW_9_0_ROOT6_X;DISABLED=1;
SCRAM_ARCH=slc6_amd64_gcc530;PKGTOOLS_TAG=V00-30-XX;CMSDIST_TAG=IB/CMSSW_8_1_X/gcc530next;RELEASE_QUEUE=CMSSW_8_1_DEVEL_X;RELEASE_BRANCH=CMSSW_8_1_DEVEL_X;DISABLED=1;
SCRAM_ARCH=slc6_amd64_gcc530;PKGTOOLS_TAG=V00-30-XX;CMSDIST_TAG=IB/CMSSW_8_1_X/root6;RELEASE_QUEUE=CMSSW_8_1_ROOT6_X;RELEASE_BRANCH=CMSSW_8_1_ROOT6_X;DISABLED=1;
SCRAM_ARCH=slc6_amd64_gcc530;PKGTOOLS_TAG=V00-30-XX;CMSDIST_TAG=IB/CMSSW_8_1_X/gcc530;RELEASE_QUEUE=CMSSW_8_1_NONTHREADED_X;RELEASE_BRANCH=CMSSW_8_1_X;DISABLED=1;
SCRAM_ARCH=slc6_amd64_gcc493;PKGTOOLS_TAG=V00-30-XX;CMSDIST_TAG=IB/CMSSW_8_0_X/stable;RELEASE_QUEUE=CMSSW_8_0_X;DISABLED=1;
SCRAM_ARCH=slc6_amd64_gcc472;PKGTOOLS_TAG=V00-30-XX;CMSDIST_TAG=IB/CMSSW_6_2_X/devel-gcc472;RELEASE_QUEUE=CMSSW_6_2_X_SLHC;ADDITIONAL_TESTS=baseline,HLT;PR_TESTS=1;PROD_ARCH=1;DISABLED=1;
SCRAM_ARCH=slc6_amd64_gcc472;PKGTOOLS_TAG=V00-30-XX;CMSDIST_TAG=IB/CMSSW_6_2_X/devel-gcc472;RELEASE_QUEUE=CMSSW_6_2_SLHCDEV_X;RELEASE_BRANCH=CMSSW_6_2_SLHCDEV_X;ADDITIONAL_TESTS=baseline;PR_TESTS=1;PROD_ARCH=1;DISABLED=1;
SCRAM_ARCH=slc6_amd64_gcc491;PKGTOOLS_TAG=V00-30-XX;CMSDIST_TAG=IB/CMSSW_7_4_X/root6;RELEASE_QUEUE=CMSSW_7_4_X;ADDITIONAL_TESTS=HLT,baseline,static-checks,fwlite,valgrind;PR_TESTS=1;PROD_ARCH=1;ENABLE_DEBUG=1;DISABLED=1;
SCRAM_ARCH=slc6_amd64_gcc600;PKGTOOLS_TAG=V00-30-XX;CMSDIST_TAG=IB/CMSSW_8_1_X/gcc600;RELEASE_QUEUE=CMSSW_8_1_X;DISABLED=1;
SCRAM_ARCH=slc7_amd64_gcc900;PKGTOOLS_TAG=V00-33-XX;CMSDIST_TAG=IB/CMSSW_12_0_X/master;RELEASE_BRANCH=CMSSW_12_0_X;RELEASE_QUEUE=CMSSW_12_0_DBG_X;DOCKER_IMG=cmssw/cc7:amd64;BUILD_HOUR=23;BUILD_DAY=4;DISABLED=1;
SCRAM_ARCH=slc7_ppc64le_gcc9;PKGTOOLS_TAG=V00-33-XX;CMSDIST_TAG=IB/CMSSW_12_0_X/master;RELEASE_BRANCH=CMSSW_12_0_X;RELEASE_QUEUE=CMSSW_12_0_DBG_X;DOCKER_IMG=cmssw/cc7:ppc64le;BUILD_HOUR=23;BUILD_DAY=8;IB_ONLY=1;DISABLED=1;DISABLED=1;
SCRAM_ARCH=slc7_amd64_gcc900;PKGTOOLS_TAG=V00-33-XX;CMSDIST_TAG=IB/CMSSW_12_0_X/master;RELEASE_BRANCH=CMSSW_12_0_X;RELEASE_QUEUE=CMSSW_12_0_SKYLAKEAVX512_X;DOCKER_IMG=cmssw/cc7:amd64;BUILD_HOUR=23;BUILD_DAY=4;DISABLED=1;
SCRAM_ARCH=slc7_amd64_gcc900;PKGTOOLS_TAG=V00-33-XX;CMSDIST_TAG=IB/CMSSW_12_0_X/master;RELEASE_BRANCH=CMSSW_12_0_X;RELEASE_QUEUE=CMSSW_12_0_GPU_X;DOCKER_IMG=cmssw/cc7:amd64;BUILD_HOUR=23;DISABLED=1;
SCRAM_ARCH=slc7_amd64_gcc900;PKGTOOLS_TAG=V00-33-XX;CMSDIST_TAG=IB/CMSSW_12_0_X/master;RELEASE_BRANCH=CMSSW_12_0_X;RELEASE_QUEUE=CMSSW_12_0_CLANG_X;DOCKER_IMG=cmssw/cc7:amd64;BUILD_HOUR=23;DISABLED=1;
SCRAM_ARCH=slc7_amd64_gcc10;PKGTOOLS_TAG=V00-33-XX;CMSDIST_TAG=IB/CMSSW_12_0_X/gcc10;RELEASE_BRANCH=CMSSW_12_0_X;RELEASE_QUEUE=CMSSW_12_0_ASAN_X;BUILD_HOUR=23;DOCKER_IMG=cmssw/cc7:amd64;BUILD_DAY=1,3,5;DISABLED=1;
SCRAM_ARCH=slc7_amd64_gcc10;PKGTOOLS_TAG=V00-33-XX;CMSDIST_TAG=IB/CMSSW_12_0_X/gcc10;RELEASE_BRANCH=CMSSW_12_0_X;RELEASE_QUEUE=CMSSW_12_0_UBSAN_X;BUILD_HOUR=23;BUILD_DAY=5;DOCKER_IMG=cmssw/cc7:amd64;DISABLED=1;
SCRAM_ARCH=slc7_amd64_gcc10;PKGTOOLS_TAG=V00-33-XX;CMSDIST_TAG=IB/CMSSW_12_0_X/gcc10;RELEASE_BRANCH=CMSSW_12_0_X;RELEASE_QUEUE=CMSSW_12_0_TSAN_X;BUILD_HOUR=23;BUILD_DAY=8;DOCKER_IMG=cmssw/cc7:amd64;DISABLED=1;
SCRAM_ARCH=slc7_amd64_gcc900;PKGTOOLS_TAG=V00-33-XX;CMSDIST_TAG=IB/CMSSW_12_0_X/geant4;RELEASE_BRANCH=CMSSW_12_0_GEANT4_X;RELEASE_QUEUE=CMSSW_12_0_GEANT4_X;DOCKER_IMG=cmssw/cc7:amd64;PR_TESTS=1;BUILD_HOUR=23;BUILD_DAY=2,5;DISABLED=1;
SCRAM_ARCH=slc7_amd64_gcc900;PKGTOOLS_TAG=V00-33-XX;CMSDIST_TAG=IB/CMSSW_12_0_X/geant4_vecgeom;RELEASE_BRANCH=CMSSW_12_0_GEANT4_X;RELEASE_QUEUE=CMSSW_12_0_G4VECGEOM_X;DOCKER_IMG=cmssw/cc7:amd64;PR_TESTS=1;BUILD_HOUR=23;BUILD_DAY=1,4;DISABLED=1;
SCRAM_ARCH=slc7_amd64_gcc900;PKGTOOLS_TAG=V00-33-XX;CMSDIST_TAG=IB/CMSSW_12_0_X/devel;RELEASE_BRANCH=CMSSW_12_0_DEVEL_X;RELEASE_QUEUE=CMSSW_12_0_DEVEL_X;DOCKER_IMG=cmssw/cc7:amd64;BUILD_HOUR=23;DISABLED=1;
SCRAM_ARCH=slc7_amd64_gcc900;PKGTOOLS_TAG=V00-33-XX;CMSDIST_TAG=IB/CMSSW_12_0_X/rootmaster;RELEASE_BRANCH=CMSSW_12_0_ROOT6_X;RELEASE_QUEUE=CMSSW_12_0_ROOT6_X;DOCKER_IMG=cmssw/cc7:amd64;BUILD_HOUR=23,00;DISABLED=1;
SCRAM_ARCH=slc7_amd64_gcc900;PKGTOOLS_TAG=V00-33-XX;CMSDIST_TAG=IB/CMSSW_12_0_X/rootnext;RELEASE_BRANCH=CMSSW_12_0_X;RELEASE_QUEUE=CMSSW_12_0_ROOT624_X;DOCKER_IMG=cmssw/cc7:amd64;BUILD_HOUR=23;BUILD_DAY=1,3,5;DISABLED=1;
SCRAM_ARCH=slc7_amd64_gcc900;PKGTOOLS_TAG=V00-33-XX;CMSDIST_TAG=IB/CMSSW_12_0_X/rootmodule;RELEASE_BRANCH=CMSSW_12_0_X;RELEASE_QUEUE=CMSSW_12_0_CXXMODULE_X;DOCKER_IMG=cmssw/cc7:amd64;BUILD_HOUR=23;BUILD_DAY=1,3,5;FORCE_FULL_IB=1;DISABLED=1;
SCRAM_ARCH=slc7_amd64_gcc900;PKGTOOLS_TAG=V00-33-XX;CMSDIST_TAG=IB/CMSSW_12_0_X/py3;RELEASE_BRANCH=CMSSW_12_0_DEVEL_X;RELEASE_QUEUE=CMSSW_12_0_PY3_X;DOCKER_IMG=cmssw/cc7:amd64;BUILD_HOUR=23;BUILD_DAY=0,2,4;DISABLED=1;
SCRAM_ARCH=cc8_aarch64_gcc9;PKGTOOLS_TAG=V00-33-XX;CMSDIST_TAG=IB/CMSSW_11_2_X/cc8;RELEASE_BRANCH=CMSSW_11_2_X;RELEASE_QUEUE=CMSSW_11_2_X;DOCKER_IMG=cmssw/cc8:aarch64;BUILD_HOUR=23;BUILD_DAY=1,2;BUILD_HOUR=23;DISABLED=1;
SCRAM_ARCH=cc8_ppc64le_gcc9;PKGTOOLS_TAG=V00-33-XX;CMSDIST_TAG=IB/CMSSW_11_2_X/cc8;RELEASE_BRANCH=CMSSW_11_2_X;RELEASE_QUEUE=CMSSW_11_2_X;DOCKER_IMG=cmssw/cc8:ppc64le;BUILD_HOUR=23;BUILD_DAY=0,2;DISABLED=1;
SCRAM_ARCH=slc7_aarch64_gcc820;PKGTOOLS_TAG=V00-33-XX;CMSDIST_TAG=IB/CMSSW_11_1_X/master;RELEASE_BRANCH=CMSSW_11_1_X;RELEASE_QUEUE=CMSSW_11_1_X;DOCKER_IMG=cmssw/cc7:aarch64;PR_TESTS=1;BUILD_HOUR=24;DISABLED=1;
SCRAM_ARCH=slc7_ppc64le_gcc820;PKGTOOLS_TAG=V00-33-XX;CMSDIST_TAG=IB/CMSSW_11_1_X/master;RELEASE_BRANCH=CMSSW_11_1_X;RELEASE_QUEUE=CMSSW_11_1_X;DOCKER_IMG=cmssw/cc7:ppc64le;BUILD_HOUR=243;DISABLED=1;
SCRAM_ARCH=slc7_amd64_gcc820;PKGTOOLS_TAG=V00-33-XX;CMSDIST_TAG=IB/CMSSW_11_0_X/master;RELEASE_BRANCH=CMSSW_11_0_X;RELEASE_QUEUE=CMSSW_11_0_X;ADDITIONAL_TESTS=HLT,baseline,fwlite,cfipython,gpu;PR_TESTS=1;PROD_ARCH=1;ENABLE_DEBUG=1;PRS_TEST_CLANG=1;DOCKER_IMG=cmssw/cc7:amd64;DISABLED=1;REQUIRED_TEST=true;
SCRAM_ARCH=slc6_amd64_gcc630;PKGTOOLS_TAG=V00-33-XX;CMSDIST_TAG=IB/CMSSW_9_4_X/gcc630;RELEASE_BRANCH=CMSSW_9_4_AN_X;RELEASE_QUEUE=CMSSW_9_4_AN_X;ADDITIONAL_TESTS=HLT,baseline;PR_TESTS=1;PROD_ARCH=1;ENABLE_DEBUG=1;PRS_TEST_CLANG=1;DOCKER_IMG=cmssw/slc6:latest;DISABLED=1;REQUIRED_TEST=true;
SCRAM_ARCH=slc6_amd64_gcc630;PKGTOOLS_TAG=V00-33-XX;CMSDIST_TAG=IB/CMSSW_9_4_X/gcc630;RELEASE_BRANCH=CMSSW_9_4_MAOD_X;RELEASE_QUEUE=CMSSW_9_4_MAOD_X;ADDITIONAL_TESTS=HLT,baseline;PR_TESTS=1;PROD_ARCH=1;ENABLE_DEBUG=1;PRS_TEST_CLANG=1;DOCKER_IMG=cmssw/slc6:latest;DISABLED=1;REQUIRED_TEST=true;
SCRAM_ARCH=slc7_amd64_gcc630;PKGTOOLS_TAG=V00-33-XX;CMSDIST_TAG=IB/CMSSW_9_4_X/gcc630;RELEASE_BRANCH=CMSSW_9_4_MAOD_X;RELEASE_QUEUE=CMSSW_9_4_MAOD_X;ADDITIONAL_TESTS=HLT,baseline;PR_TESTS=1;ENABLE_DEBUG=1;PRS_TEST_CLANG=1;BUILD_DAY=8;DOCKER_IMG=cmssw/cc7:amd64;DISABLED=1;
SCRAM_ARCH=slc7_amd64_gcc900;PKGTOOLS_TAG=V00-33-XX;CMSDIST_TAG=IB/CMSSW_12_1_X/master;RELEASE_BRANCH=CMSSW_12_1_X;RELEASE_QUEUE=CMSSW_12_1_X;ADDITIONAL_TESTS=HLT,fwlite,cfipython;PR_TESTS=1;PROD_ARCH=1;ENABLE_DEBUG=1;PRS_TEST_CLANG=1;DOCKER_IMG=cmssw/cc7;REQUIRED_TEST=true;DISABLED=1;
SCRAM_ARCH=cc8_amd64_gcc9;PKGTOOLS_TAG=V00-33-XX;CMSDIST_TAG=IB/CMSSW_12_1_X/cc8;RELEASE_BRANCH=CMSSW_12_1_X;RELEASE_QUEUE=CMSSW_12_1_X;DOCKER_IMG=cmssw/cc8;BUILD_HOUR=23,00;DISABLED=1;
SCRAM_ARCH=slc7_amd64_gcc900;PKGTOOLS_TAG=V00-33-XX;CMSDIST_TAG=IB/CMSSW_12_0_X/master;RELEASE_BRANCH=CMSSW_12_0_X;RELEASE_QUEUE=CMSSW_12_0_X;ADDITIONAL_TESTS=HLT,fwlite,cfipython;PR_TESTS=1;PROD_ARCH=1;ENABLE_DEBUG=1;PRS_TEST_CLANG=1;DOCKER_IMG=cmssw/cc7;REQUIRED_TEST=true;DISABLED=1;
SCRAM_ARCH=cc8_amd64_gcc9;PKGTOOLS_TAG=V00-33-XX;CMSDIST_TAG=IB/CMSSW_12_0_X/cc8;RELEASE_BRANCH=CMSSW_12_0_X;RELEASE_QUEUE=CMSSW_12_0_X;DOCKER_IMG=cmssw/cc8;BUILD_HOUR=23,00;DISABLED=1;
SCRAM_ARCH=slc7_amd64_gcc900;PKGTOOLS_TAG=V00-33-XX;CMSDIST_TAG=IB/CMSSW_11_3_X/master;RELEASE_BRANCH=CMSSW_11_3_X;RELEASE_QUEUE=CMSSW_11_3_X;ADDITIONAL_TESTS=HLT,fwlite,cfipython;PR_TESTS=1;PROD_ARCH=1;ENABLE_DEBUG=1;PRS_TEST_CLANG=1;DOCKER_IMG=cmssw/cc7;REQUIRED_TEST=true;DISABLED=1;
SCRAM_ARCH=cc8_amd64_gcc9;PKGTOOLS_TAG=V00-33-XX;CMSDIST_TAG=IB/CMSSW_11_3_X/cc8;RELEASE_BRANCH=CMSSW_11_3_X;RELEASE_QUEUE=CMSSW_11_3_X;DOCKER_IMG=cmssw/cc8;BUILD_HOUR=23,00;DISABLED=1;
SCRAM_ARCH=slc7_amd64_gcc900;PKGTOOLS_TAG=V00-33-XX;CMSDIST_TAG=IB/CMSSW_11_2_X/master;RELEASE_BRANCH=CMSSW_11_2_X;RELEASE_QUEUE=CMSSW_11_2_X;ADDITIONAL_TESTS=HLT,fwlite,cfipython;PR_TESTS=1;PROD_ARCH=1;ENABLE_DEBUG=1;PRS_TEST_CLANG=1;DOCKER_IMG=cmssw/cc7;REQUIRED_TEST=true;DISABLED=1;
SCRAM_ARCH=slc7_amd64_gcc820;PKGTOOLS_TAG=V00-33-XX;CMSDIST_TAG=IB/CMSSW_11_1_X/master;RELEASE_BRANCH=CMSSW_11_1_X;RELEASE_QUEUE=CMSSW_11_1_X;ADDITIONAL_TESTS=HLT,fwlite,cfipython;PR_TESTS=1;PROD_ARCH=1;ENABLE_DEBUG=1;PRS_TEST_CLANG=1;DOCKER_IMG=cmssw/cc7;REQUIRED_TEST=true;DISABLED=1;
SCRAM_ARCH=cc8_amd64_gcc8;PKGTOOLS_TAG=V00-33-XX;CMSDIST_TAG=IB/CMSSW_11_1_X/cc8;RELEASE_BRANCH=CMSSW_11_1_X;RELEASE_QUEUE=CMSSW_11_1_X;DOCKER_IMG=cmssw/cc8;DISABLED=1;
SCRAM_ARCH=slc7_amd64_gcc820;PKGTOOLS_TAG=V00-33-XX;CMSDIST_TAG=IB/CMSSW_11_0_X/master;RELEASE_BRANCH=CMSSW_11_0_X;RELEASE_QUEUE=CMSSW_11_0_X;ADDITIONAL_TESTS=HLT,fwlite,cfipython;PR_TESTS=1;PROD_ARCH=1;ENABLE_DEBUG=1;PRS_TEST_CLANG=1;DOCKER_IMG=cmssw/cc7;REQUIRED_TEST=true;DISABLED=1;
SCRAM_ARCH=slc6_amd64_gcc700;PKGTOOLS_TAG=V00-33-XX;CMSDIST_TAG=IB/CMSSW_10_3_X/gcc700;RELEASE_BRANCH=CMSSW_10_3_X;RELEASE_QUEUE=CMSSW_10_3_X;ADDITIONAL_TESTS=HLT,fwlite,cfipython;PR_TESTS=1;PROD_ARCH=1;ENABLE_DEBUG=1;PRS_TEST_CLANG=1;DOCKER_IMG=cmssw/slc6:latest;REQUIRED_TEST=true;DISABLED=1;
SCRAM_ARCH=slc7_amd64_gcc700;PKGTOOLS_TAG=V00-33-XX;CMSDIST_TAG=IB/CMSSW_10_3_X/gcc700;RELEASE_BRANCH=CMSSW_10_3_X;RELEASE_QUEUE=CMSSW_10_3_X;DOCKER_IMG=cmssw/cc7;DISABLED=1;
SCRAM_ARCH=slc6_amd64_gcc700;PKGTOOLS_TAG=V00-33-XX;CMSDIST_TAG=IB/CMSSW_10_2_X/gcc700;RELEASE_BRANCH=CMSSW_10_2_X;RELEASE_QUEUE=CMSSW_10_2_X;ADDITIONAL_TESTS=HLT,fwlite,cfipython;PR_TESTS=1;PROD_ARCH=1;ENABLE_DEBUG=1;PRS_TEST_CLANG=1;DOCKER_IMG=cmssw/slc6:latest;REQUIRED_TEST=true;DISABLED=1;
SCRAM_ARCH=slc7_amd64_gcc700;PKGTOOLS_TAG=V00-33-XX;CMSDIST_TAG=IB/CMSSW_10_2_X/gcc700;RELEASE_BRANCH=CMSSW_10_2_X;RELEASE_QUEUE=CMSSW_10_2_X;DOCKER_IMG=cmssw/cc7;DISABLED=1;
